YLLDLHSYL,YLLDLHSYL,O60337,0,561
VPRSSSMVL,VPRSSSMVL,Q9H992,0,123
YIDEQFERY,YIDEQFERY,Q15019,0,120
NSLFLTDLY,NSLFLTDLY,O43236,0,161
NSLFLTDLY,NSLFLTDLY,Q15019,0,54
NSLFLTDLY,NSLFLTDLY,Q16181,0,67
ELHEKFDRL,ELHEKFDRL,Q14141,0,362
VAKMKKMEM,VAKMKKMEM,Q16181,0,346
YIDSKFEDY,YIDSKFEDY,Q16181,0,132
ELKIKRSLF,ELKIKRSLF,Q6ZU15,0,142
ELKIKRSLF,ELKIKRSLF,Q9NVA2,0,131
ELKIKRSLF,ELKIKRSLF,Q9P0V9,0,156
FLSEKLERI,FLSEKLERI,O60613,0,156
VPAKRKLEM,VPAKRKLEM,Q9NY61,0,336
LFDPARPSL,LFDPARPSL,Q9BZC7,0,107
FAKIKGIHL,FAKIKGIHL,Q8N139,0,579
ILDEKPVII,ILDEKPVII,Q8N139,0,1269
RRADHVILF,RRADHVILF,Q8N139,0,659
TVDEHVWFY,TVDEHVWFY,Q8IZY2,0,896
ILLERLWYV,ILLERLWYV,P33897,0,319
YLSDFICCL,YLSDFICCL,P61221,0,280
AARAVTGVL,AARAVTGVL,Q9UG63,0,68
FLDEPTNHL,FLDEPTNHL,Q9UG63,0,538
LLSDTKLEL,LLSDTKLEL,Q9UG63,0,99
ILDEPTNHL,ILDEPTNHL,Q9NUQ8,0,632
KMLEKLPEL,KMLEKLPEL,Q9NUQ8,0,458
VLLDAPIQL,VLLDAPIQL,Q9NUQ8,0,84
VPYLRDLGL,VPYLRDLGL,P45844,0,304
FLLHQKIAL,FLLHQKIAL,Q6UXT9,0,283
FMEGAIIYV,FMEGAIIYV,Q8IZP0,0,466
ILDDIGHGV,ILDDIGHGV,Q9NYB9,0,144
SPGQRSISL,SPGQRSISL,P00519,0,156
DMKKKAKLF,DMKKKAKLF,O14639,0,769
LPGYGRNGL,LPGYGRNGL,O14639,0,655
DMKMKISAL,DMKMKISAL,Q12979,0,378
GLYGFLHVI,GLYGFLHVI,Q12979,0,500
VYKAFVDNY,VYKAFVDNY,Q12979,0,182
LLVEEIHRL,LLVEEIHRL,Q9P1F3,0,8
RLDIGVEHV,RLDIGVEHV,Q969K4,0,176
YLLPGLKRL,YLLPGLKRL,Q969K4,0,358
YLYTGRLDI,YLYTGRLDI,Q969K4,0,171
YMAKVIEKL,YMAKVIEKL,Q969K4,0,402
YMYSDHTEL,YMYSDHTEL,Q969K4,0,335
ILDSHAATL,ILDSHAATL,Q13085,0,943
LPRIQSTAL,LPRIQSTAL,Q13085,0,835
LLDATQHTL,LLDATQHTL,Q15027,0,96
LLESGRHYL,LLESGRHYL,Q15027,0,44
SLLACEFLL,SLLACEFLL,Q15027,0,618
VIINQIYEA,VIINQIYEA,Q15027,0,478
FSKVRSLTL,FSKVRSLTL,Q15027,0,453
FSKVRSLTL,FSKVRSLTL,Q15057,0,447
SSDDSKLEY,SSDDSKLEY,Q15057,0,250
EEKLKLVAL,EEKLKLVAL,Q9H3P7,0,106
ATADYICKV,ATADYICKV,P53396,0,222
FLQEWEVYA,FLQEWEVYA,Q9NRP4,0,52
TPALRFVAV,TPALRFVAV,P13686,0,22
GMAERIPEL,GMAERIPEL,O95573,0,309
VPNQKRLTL,VPNQKRLTL,O60488,0,616
APPERKYSV,APPERKYSV,P60709,0,330
APPERKYSV,APPERKYSV,P62736,0,332
APPERKYSV,APPERKYSV,P63261,0,330
APPERKYSV,APPERKYSV,P63267,0,331
APPERKYSV,APPERKYSV,P68032,0,332
APPERKYSV,APPERKYSV,P68133,0,332
APPERKYSV,APPERKYSV,Q562R1,0,331
RPRHQGVMV,RPRHQGVMV,P60709,0,36
RPRHQGVMV,RPRHQGVMV,P62736,0,38
RPRHQGVMV,RPRHQGVMV,P63261,0,36
RPRHQGVMV,RPRHQGVMV,P63267,0,37
RPRHQGVMV,RPRHQGVMV,P68032,0,38
RPRHQGVMV,RPRHQGVMV,P68133,0,38
RPRHQGVMV,RPRHQGVMV,Q562R1,0,37
AILDHTYKM,AILDHTYKM,O96019,0,100
DIDIRPGLY,DIDIRPGLY,O94805,0,333
DIDIRPGLY,DIDIRPGLY,O96019,0,336
AIDQLHLEY,AIDQLHLEY,O43707,0,524
TLSDIKALI,TLSDIKALI,O43707,0,444
RPLYKNIVL,RPLYKNIVL,P61158,0,312
GLQDHEFQI,GLQDHEFQI,Q9H981,0,358
QTDHLFFKY,QTDHLFFKY,O14672,0,226
YLIELIDRV,YLIELIDRV,P78536,0,249
KLLTEVHAA,KLLTEVHAA,P78325,0,641
RVLEVVNHV,RVLEVVNHV,P78325,0,224
APGEFRAIM,APGEFRAIM,P55265,0,468
FLLKQIEFL,FLLKQIEFL,P55265,0,38
HLLEEPIYL,HLLEEPIYL,Q9BUB4,0,317
SLLSSVFKL,SLLSSVFKL,Q7Z695,0,566
APQGGMAAL,APQGGMAAL,P35611,0,108
EQKKRVSMI,EQKKRVSMI,P35611,0,52
FMTTNVPNV,FMTTNVPNV,P35611,0,96
LTDRELEEY,LTDRELEEY,P35611,0,566
TLHSAIYAA,TLHSAIYAA,P35611,0,221
ELAKRVSRL,ELAKRVSRL,Q9UEY8,0,640
SPQNVPEKL,SPQNVPEKL,Q9UEY8,0,599
KMEEFVYKV,KMEEFVYKV,Q96A54,0,78
EIAKKTQAL,EIAKKTQAL,P55263,0,259
VPRSKPLML,VPRSKPLML,Q9H2P0,0,261
HIMPTVHTV,HIMPTVHTV,Q6IQ32,0,898
MPSPVSPKL,MPSPVSPKL,Q9UHB7,0,1052
SPHFKSGSL,SPHFKSGSL,P35573,0,870
YLYGIRVEV,YLYGIRVEV,Q99943,0,77
ILAIRQNAL,ILAIRQNAL,Q9NUQ2,0,103
YLLPSVVLL,YLLPSVVLL,Q9NUQ2,0,13
FLLPLRIAL,FLLPLRIAL,Q86UL3,0,173
RVYIHPFHL,RVYIHPFHL,P01019,0,34
NSDINSNHY,NSDINSNHY,Q9UPW5,0,736
GLMEDLLKL,GLMEDLLKL,Q8WYP5,0,919
TSDETTLEY,TSDETTLEY,Q8WYP5,0,1312
DLKGPKVDV,DLKGPKVDV,Q09666,0,973
DLKGPKVDV,DLKGPKVDV,Q09666,0,4546
DLKSSKASL,DLKSSKASL,Q09666,0,5741
GVDVTLPRV,GVDVTLPRV,Q09666,0,585
MPKFSVSGL,MPKFSVSGL,Q09666,0,3478
MPKMKMPTF,MPKMKMPTF,Q09666,0,627
SLGEGHLSV,SLGEGHLSV,Q09666,0,5581
SMPDFDLHL,SMPDFDLHL,Q09666,0,2579
SMPDFDLHL,SMPDFDLHL,Q09666,0,4001
SMPDFDLHL,SMPDFDLHL,Q09666,0,4257
SMPDFDLHL,SMPDFDLHL,Q09666,0,4459
SMSDIDLNL,SMSDIDLNL,Q09666,0,4519
SMSEVDLNV,SMSEVDLNV,Q09666,0,569
SPKGKFSLF,SPKGKFSLF,Q09666,0,5762
SVDEVEISV,SVDEVEISV,O95433,0,112
AVANIVNSV,AVANIVNSV,Q9BRQ8,0,304
PTDPKVVVY,PTDPKVVVY,Q9Y4K1,0,1214
DILKRLYEL,DILKRLYEL,Q13155,0,60
ILYDKYFSL,ILYDKYFSL,O43572,0,436
ALATHILSL,ALATHILSL,Q9UKA4,0,1200
ALYHLAIKL,ALYHLAIKL,Q9UKA4,0,578
IVAEAIEKA,IVAEAIEKA,Q9UKA4,0,1653
NSELIMDQY,NSELIMDQY,Q9UKA4,0,1358
TLGSTVFRV,TLGSTVFRV,Q9UKA4,0,1554
GLLRLTWFL,GLLRLTWFL,Q12802,0,174
SPLTKSISL,SPLTKSISL,Q12802,0,1682
TLMHFAVRL,TLMHFAVRL,Q12802,0,165
VLAEVITAA,VLAEVITAA,O43823,0,576
RMWEDPMGA,RMWEDPMGA,Q9ULX6,0,198
ALTDYITRL,ALTDYITRL,Q99996,0,3874
SVWEKEIEI,SVWEKEIEI,Q99996,0,815
RTLDFDPLL,RTLDFDPLL,Q53H80,0,8
SPLKKEQPL,SPLKKEQPL,Q53H80,0,133
GLMERYLSV,GLMERYLSV,Q7Z591,0,759
SVRPAVLQV,SVRPAVLQV,P14550,0,176
KSDGSFIGY,KSDGSFIGY,P31751,0,29
ALSDHHIYL,ALSDHHIYL,P04075,0,215
CPLLKPWAL,CPLLKPWAL,P04075,0,289
ALSDHHVYL,ALSDHHVYL,P09972,0,215
APRLETKSL,APRLETKSL,Q6P6C2,0,288
APKPKWTQL,APKPKWTQL,Q3KRA9,0,44
AVDSYDVTV,AVDSYDVTV,P09917,0,49
GMYPEEHFI,GMYPEEHFI,P09917,0,618
KIVPIAIQL,KIVPIAIQL,P09917,0,319
YLTVVIFTA,YLTVVIFTA,P09917,0,538
APYSRPKQL,APYSRPKQL,Q86V81,0,74
QLDAYNARM,QLDAYNARM,Q86V81,0,245
LLPEYLPYA,LLPEYLPYA,Q9C0C7,0,809
KPGKFVTTL,KPGKFVTTL,P17707,0,275
VILRYVIHL,VILRYVIHL,Q9UKV5,0,232
FILPKEIAV,FILPKEIAV,Q9H1A4,0,626
VLYTGVVRV,VLYTGVVRV,Q9H1A4,0,497
KPIEQLLGF,KPIEQLLGF,Q96DE5,0,96
YPKGAGEML,YPKGAGEML,Q96DE5,0,37
ILLAEVDKV,ILLAEVDKV,Q9UNK9,0,408
APRAAREAL,,,,
ALDFKLAAA,ALDFKLAAA,Q8IWZ3,0,73
AMNGHVPAV,AMNGHVPAV,Q8IWZ3,0,1197
TLDDLIAAV,TLDDLIAAV,Q8IWZ3,0,994
VPRVPTHTL,VPRVPTHTL,Q8IWZ3,0,714
YLDIVKLLL,YLDIVKLLL,Q8IWZ3,0,283
TLLHLAVSL,TLLHLAVSL,Q8IZ07,0,42
APRVPVQAL,APRVPVQAL,O75179,0,743
ILTETQQGL,ILTETQQGL,O75179,0,1001
KILEELQKV,KILEELQKV,O75179,0,863
TLDDIMAAV,TLDDIMAAV,O75179,0,1021
ALNSKILSV,ALNSKILSV,Q96NW4,0,604
VPSKPPMSL,VPSKPPMSL,Q6AI12,0,222
ALNGHVEMV,ALNGHVEMV,Q8N8A2,0,147
ELKEKEATL,ELKEKEATL,Q8N8A2,0,504
VIIPLLSSV,VIIPLLSSV,Q8N8A2,0,124
KLWQTPLHV,KLWQTPLHV,Q8NB46,0,104
TLAETLVNL,TLAETLVNL,Q8NB46,0,602
LYEKDIEEL,LYEKDIEEL,A6NC57,0,500
KLDWHRFNL,KLDWHRFNL,Q9H8Y5,0,91
RRIDFVLVY,RRIDFVLVY,Q4KMQ2,0,66
VLDDKLVFV,VLDDKLVFV,Q4KMQ2,0,115
KLLPQLTYL,KLLPQLTYL,P39687,0,136
KLLPQLTYL,KLLPQLTYL,Q92688,0,136
LPKLKKLEL,LPKLKKLEL,Q92688,0,62
SLDLFNCEV,SLDLFNCEV,O43423,0,112
SLDLFNCEV,SLDLFNCEV,P39687,0,116
SLDLFNCEV,SLDLFNCEV,Q92688,0,116
ALSGHLETV,ALSGHLETV,A6NMY6,0,89
ALSGHLETV,ALSGHLETV,P07355,0,89
QRQDIAFAY,QRQDIAFAY,P07355,0,66
TPSGDKTSL,TPSGDKTSL,P08133,0,534
AMNDILAQV,AMNDILAQV,O43747,0,265
DKNIRYVAL,DKNIRYVAL,O43747,0,320
VLHTSVVLL,VLHTSVVLL,O43747,0,189
AILEKMPLV,AILEKMPLV,O75843,0,579
ALMKLSTRL,ALMKLSTRL,O75843,0,529
DRNIRYVAL,DRNIRYVAL,O75843,0,321
HPNSNLLDL,HPNSNLLDL,P63010,0,190
KLHDINAQM,KLHDINAQM,P63010,0,146
LLDLIQTKV,LLDLIQTKV,P63010,0,394
LLDLIQTKV,LLDLIQTKV,Q10567,0,394
TLLTAIVKL,TLLTAIVKL,P63010,0,482
KMVSIQITL,KMVSIQITL,O00203,0,897
ALLDSAHLL,ALLDSAHLL,O14617,0,460
QMLDVAIRV,QMLDVAIRV,O14617,0,439
SLAPLFFKL,SLAPLFFKL,O14617,0,219
SLSFMNPRL,SLSFMNPRL,Q9Y2T2,0,218
YTFDPVTKV,YTFDPVTKV,Q9Y2T2,0,329
VQTDVLVRV,VQTDVLVRV,Q9Y6B7,0,268
APALVRLSL,APALVRLSL,Q2VPB7,0,659
SLLDTLVLL,SLLDTLVLL,Q2VPB7,0,76
LLHDGIPVV,LLHDGIPVV,O14727,0,85
KVMEEVSAI,KVMEEVSAI,P25054,0,888
SLAVSSPRL,SLAVSSPRL,P13798,0,298
DSKIRSKAL,DSKIRSKAL,P27695,0,296
LADSFRHLY,LADSFRHLY,P27695,0,248
LLQIRAEAL,LLQIRAEAL,Q9UBZ4,0,176
ATGENLPRV,ATGENLPRV,Q9BZZ5,0,89
ENKIKVVAL,ENKIKVVAL,Q9BZZ5,0,406
ILADATEQV,ILADATEQV,Q9BZZ5,0,12
VLIKDLFHI,VLIKDLFHI,Q9BZZ5,0,422
ISKNKHVSL,ISKNKHVSL,Q9HC16,0,298
ALADGVQKV,ALADGVQKV,O14791,0,159
LPRNEADEL,LPRNEADEL,O14791,0,102
ALAEEVEQV,ALAEEVEQV,Q9BQE5,0,100
ALANGIEEV,ALANGIEEV,O95236,0,171
ALMDHGVKV,ALMDHGVKV,Q92624,0,84
AYSSYVHQY,AYSSYVHQY,Q92624,0,336
FLANIGTSV,FLANIGTSV,Q9UKG1,0,224
VGLAKQIAL,VGLAKQIAL,Q9UKG1,0,618
ETEKDFSRY,ETEKDFSRY,O60306,0,886
YLSPDLSKI,YLSPDLSKI,P10398,0,525
ETTFLVDKY,ETTFLVDKY,P48444,0,499
IQVTKVTQV,IQVTKVTQV,P48444,0,480
RPSGPSKAL,RPSGPSKAL,P48444,0,217
KLGEIVTTI,KLGEIVTTI,P18085,0,37
KLGEIVTTI,KLGEIVTTI,P61204,0,37
KLGEIVTTI,KLGEIVTTI,P84077,0,37
KLGEIVTTI,KLGEIVTTI,P84085,0,37
GLDWLSHEL,GLDWLSHEL,P84085,0,168
GLYEGLTWL,GLYEGLTWL,P62330,0,160
RIDEARQEL,RIDEARQEL,P62330,0,94
FASHVSPEV,FASHVSPEV,Q9NP61,0,151
ALMEAVSHV,ALMEAVSHV,Q9Y6D6,0,923
APFTSATHL,APFTSATHL,Q9Y6D5,0,878
APFTSATHL,APFTSATHL,Q9Y6D6,0,933
ALMEAVSHA,ALMEAVSHA,Q9Y6D5,0,868
SLLQTQHAL,SLLQTQHAL,P53365,0,155
SQWEDIHVV,SQWEDIHVV,Q53QZ3,0,342
VLFGHLTKI,VLFGHLTKI,Q53QZ3,0,407
AAATSVHVV,AAATSVHVV,Q68EM7,0,419
APRRYSSSL,APRRYSSSL,Q68EM7,0,696
YLIKFLAKL,YLIKFLAKL,Q68EM7,0,376
ALHSLVSSL,ALHSLVSSL,Q8N264,0,642
LPRDNYSLL,LPRDNYSLL,P42331,0,279
FILTHVDQL,FILTHVDQL,Q7Z6I6,0,205
SLDEAQFVL,SLDEAQFVL,Q7Z6I6,0,575
SPRPLSLEL,,,,
YLIRHLAHI,YLIRHLAHI,Q2M1Z3,0,147
KIHDVIQQL,KIHDVIQQL,A7KAX9,0,480
YQAYHMESV,YQAYHMESV,P98171,0,170
ILIKHLVKV,ILIKHLVKV,A6NI28,0,509
TLLGKMLKL,TLLGKMLKL,Q17R89,0,88
ALDGKIYEL,ALDGKIYEL,Q13017,0,623
SPGPSRPGL,SPGPSRPGL,Q92888,0,9
TALRKVLSL,TALRKVLSL,Q92888,0,825
DMLQRQLHL,DMLQRQLHL,Q6ZSZ5,0,678
IISQVDAKV,IISQVDAKV,Q6ZSZ5,0,636
LLETHSHFL,LLETHSHFL,Q6ZSZ5,0,497
LMQTEVHHV,LMQTEVHHV,Q6ZSZ5,0,454
SVDSKPPVI,SVDSKPPVI,Q6ZSZ5,0,725
ALLQRQHAL,ALLQRQHAL,Q92974,0,804
GLLHGLQAA,GLLHGLQAA,Q92974,0,746
IPPVKATPL,IPPVKATPL,Q9NR81,0,51
KLWSETFDV,KLWSETFDV,Q9NR81,0,101
KRQEAIFEL,KRQEAIFEL,Q9NR81,0,121
SLVDTVYAL,SLVDTVYAL,Q15052,0,712
ALKDEVQEL,,,,
VLTEHSEEL,VLTEHSEEL,Q14155,0,373
LPAVGRKPL,LPAVGRKPL,O14497,0,1040
TLLDWQDSL,TLLDWQDSL,O14497,0,1968
ALAARAIAV,ALAARAIAV,Q8NFD5,0,2129
ALDTINILL,ALDTINILL,O14497,0,1686
ALDTINILL,ALDTINILL,Q8NFD5,0,1640
HPISNNNSL,HPISNNNSL,Q8NFD5,0,131
SPSGAMSNL,SPSGAMSNL,Q8NFD5,0,1299
VSDYLRQSY,VSDYLRQSY,Q68CP9,0,137
SPKLPVSSL,SPKLPVSSL,Q99856,0,371
ELLGKVVSV,ELLGKVVSV,P29374,0,172
TPINKPPVL,TPINKPPVL,P29374,0,327
EIRKHYLSL,EIRKHYLSL,Q4LE39,0,1241
IPANWKTEL,IPANWKTEL,Q4LE39,0,260
VPRKDVHEI,VPRKDVHEI,Q4LE39,0,224
HPRDFFSRL,HPRDFFSRL,Q03989,0,357
EGKPRILSL,EGKPRILSL,Q14865,0,29
LLYYQTNYL,LLYYQTNYL,O60831,0,40
LLYYQTNYL,LLYYQTNYL,O75915,0,39
RLTDYISKV,RLTDYISKV,O75915,0,177
GLSESSVKV,GLSESSVKV,Q8IUR7,0,391
SMTLVNVLV,SMTLVNVLV,Q8IUR7,0,222
VLAFENPQV,VLAFENPQV,Q8IUR7,0,213
YLIEPDVEL,YLIEPDVEL,Q8IUR7,0,305
KLVDFVIHF,KLVDFVIHF,P59998,0,129
APVSPRPGL,APVSPRPGL,Q8N5I2,0,288
AQWHEQILV,AQWHEQILV,Q8N5I2,0,235
RPWLLPVKL,RPWLLPVKL,Q96B67,0,143
VANLRGESL,VANLRGESL,Q96B67,0,246
ILQQHIATV,ILQQHIATV,Q9Y575,0,450
SLAEKIQAL,SLAEKIQAL,Q9NWX5,0,352
TPISRLVAL,TPISRLVAL,Q9H765,0,185
AMLTVLHEI,AMLTVLHEI,Q8N3C0,0,508
DLKIKRSKL,DLKIKRSKL,Q8N3C0,0,27
ILHHVNIGL,ILHHVNIGL,Q8N3C0,0,1161
ILIIDEIHL,ILIIDEIHL,Q8N3C0,0,1448
TVTDVIEAV,TVTDVIEAV,Q9NR48,0,1891
ALHDRAPQL,ALHDRAPQL,Q9UBL3,0,383
TLADVLYHV,TLADVLYHV,Q9UBL3,0,605
VLYHVETEV,VLYHVETEV,Q9UBL3,0,609
ALYDNVEKL,ALYDNVEKL,P08243,0,213
TLLKQLKEA,TLLKQLKEA,P08243,0,268
VLDDHTQTL,VLDDHTQTL,Q9BZE9,0,440
LLMENAERV,LLMENAERV,Q9NVM9,0,145
SILEDPPSI,SILEDPPSI,Q9NVM9,0,393
VLTSEVHSV,VLTSEVHSV,Q9NVM9,0,228
DIKARALQV,DIKARALQV,Q8IXJ9,0,615
ILQTLIQRV,ILQTLIQRV,Q76L83,0,1065
SLIRIVPVV,SLIRIVPVV,Q76L83,0,417
TLIEELKTL,TLIEELKTL,P18846,0,253
VPLVRPVTM,VPLVRPVTM,P15336,0,245
VMDTRILHI,VMDTRILHI,P18850,0,619
TLYSGLDEV,TLYSGLDEV,Q99941,0,32
VLHVKTESL,VLHVKTESL,Q99941,0,120
VMDTRVIHI,VMDTRVIHI,Q99941,0,648
YLQGLEARL,YLQGLEARL,Q99941,0,348
IVQATRTSL,IVQATRTSL,Q6VMQ6,0,880
VLTELQAKI,VLTELQAKI,Q6VMQ6,0,637
NLYPFVKTV,NLYPFVKTV,P31939,0,101
FLADNHHQV,FLADNHHQV,Q13315,0,1076
ILLKDILSV,ILLKDILSV,Q13315,0,143
ILTKHLVEL,ILTKHLVEL,Q13315,0,2249
VIYTLIHYI,VIYTLIHYI,Q13315,0,1467
APMSAAHQL,APMSAAHQL,P54259,0,1131
VVVGDLVEV,VVVGDLVEV,P05023,0,184
VVVGDLVEV,VVVGDLVEV,P50993,0,182
SLHFLILYV,SLHFLILYV,O14983,0,941
SLHFLILYV,SLHFLILYV,P16615,0,940
AIVRSLPSV,AIVRSLPSV,O14983,0,330
AIVRSLPSV,AIVRSLPSV,P16615,0,330
AIVRSLPSV,AIVRSLPSV,Q93084,0,330
ILTGESVSV,ILTGESVSV,O14983,0,178
ILTGESVSV,ILTGESVSV,P16615,0,178
ILTGESVSV,ILTGESVSV,Q93084,0,178
ILAAHVPTL,ILAAHVPTL,P30049,0,68
LIRPVSASF,LIRPVSASF,P05496,0,20
YINVKKGSI,YINVKKGSI,P56134,0,54
NLVEKTPAL,NLVEKTPAL,O75964,0,6
NLVEKTPAL,NLVEKTPAL,Q7Z4Y8,0,6
VLHDISSLL,VLHDISSLL,O75787,0,188
VLWTMVIHI,VLWTMVIHI,Q93050,0,753
ASYLRLWAL,ASYLRLWAL,Q13488,0,731
ASYLRLWAL,ASYLRLWAL,Q93050,0,735
ASYLRLWAL,ASYLRLWAL,Q9HBG4,0,738
ASYLRLWAL,ASYLRLWAL,Q9Y487,0,750
GLSAFLHAI,GLSAFLHAI,Q9Y487,0,809
GLYGLIVAL,GLYGLIVAL,P27449,0,141
YIDNVILLI,,,,
YYPEYKLLF,YYPEYKLLF,P61421,0,269
SLIKHKIML,SLIKHKIML,P38606,0,159
STFGYVHGV,STFGYVHGV,P38606,0,15
HADVSNQLY,HADVSNQLY,P21281,0,414
TLLVVVPKL,TLLVVVPKL,P21283,0,183
VLDNLLAFV,VLDNLLAFV,O75348,0,94
KILTKLLEV,KILTKLLEV,Q9UI12,0,391
RLNEKNYEL,RLNEKNYEL,Q9UI12,0,381
IIDGKTLKY,IIDGKTLKY,Q9Y2Q0,0,742
KLTSVLEAV,KLTSVLEAV,P98198,0,759
SIREAGGAF,SIREAGGAF,Q9UII2,0,38
APYQFLTAF,APYQFLTAF,Q13535,0,2133
LLSHVIVAL,LLSHVIVAL,Q13535,0,1210
MLLDFIQHI,MLLDFIQHI,Q13535,0,66
QLFEDLVYL,QLFEDLVYL,Q13535,0,150
QLSTVITQV,QLSTVITQV,Q13535,0,1747
SLLESVQKL,SLLESVQKL,Q13535,0,548
TLFPRRIFL,TLFPRRIFL,Q13535,0,640
YLQPKLLGI,YLQPKLLGI,Q13535,0,1121
DIKKAHLAL,DIKKAHLAL,P46100,0,400
RMVHILTSV,RMVHILTSV,Q99700,0,266
SPASPKISL,SPASPKISL,Q8WWM7,0,492
VPQSGVPAL,VPQSGVPAL,Q8WWM7,0,1004
RPKLIGEEL,RPKLIGEEL,P54252,0,187
DLKSKGTSL,,,,
FLGIHVFLV,FLGIHVFLV,Q9Y679,0,43
TLAQRVKEV,TLAQRVKEV,Q9Y679,0,298
ILDEHVQRV,ILDEHVQRV,O15169,0,469
FIDDANYSV,FIDDANYSV,O14977,0,3
RLYHITDQV,RLYHITDQV,Q9NY97,0,317
VPVPHTTAL,VPVPHTTAL,P15291,0,116
ILLEMIHSI,ILLEMIHSI,O95816,0,54
ALSDLRCNL,ALSDLRCNL,P46379,0,338
RSFFHQHYL,RSFFHQHYL,P46379,0,785
YLDEKLALL,YLDEKLALL,O94812,0,896
SPKSVVTLL,SPKSVVTLL,Q8NDB2,0,106
YLTEVFLHV,YLTEVFLHV,Q8NDB2,0,42
VVKPPGSSL,VVKPPGSSL,Q92560,0,334
DIIKKPIAL,DIIKKPIAL,Q9NRL2,0,1467
FLEPVNPRL,FLEPVNPRL,Q9UIF9,0,1817
SQMLRAVSL,SQMLRAVSL,Q9UIF9,0,1107
VLAFLVHEL,VLAFLVHEL,Q9UIF9,0,973
IFKSRLVEL,IFKSRLVEL,P51572,0,34
KLDVGNAEV,KLDVGNAEV,P51572,0,166
DIIERHNTM,DIIERHNTM,O75815,0,596
IPRQVSENL,IPRQVSENL,O75815,0,158
ILEENIPVL,ILEENIPVL,Q8TDM0,0,91
VLKLRNIKL,VLKLRNIKL,O95999,0,102
SPFSKRIKL,SPFSKRIKL,Q9H165,0,629
EINAREESL,EINAREESL,Q9BXK5,0,412
ILTDVVIVV,ILTDVVIVV,P41182,0,29
NTEEEGLKY,NTEEEGLKY,Q9NYF8,0,429
IVAENLEKV,IVAENLEKV,Q14457,0,206
ALMEEILKL,ALMEEILKL,Q8TD16,0,670
ALMEEILKL,ALMEEILKL,Q96G01,0,668
AMKPKPLSV,AMKPKPLSV,Q9NR09,0,4511
AMQEFLTRL,AMQEFLTRL,Q9NR09,0,2787
FLTRLQVHL,FLTRLQVHL,Q9NR09,0,2791
RLLDYVATV,RLLDYVATV,Q9NR09,0,2176
SLASLLAKV,SLASLLAKV,Q9NR09,0,1257
SPRVPNSSV,SPRVPNSSV,Q9NR09,0,4257
TLSDVLDRV,TLSDVLDRV,Q9NR09,0,3864
YLNQHIEHV,YLNQHIEHV,P28715,0,241
IPKPLNPAL,IPKPLNPAL,P62952,0,12
VVSEGVPRI,VVSEGVPRI,Q9NUP1,0,112
VQTEVNREL,VQTEVNREL,Q9H2G9,0,152
SLDERPVAV,SLDERPVAV,Q13873,0,220
DLRKKLFRI,DLRKKLFRI,Q14692,0,1252
KVADLVLML,KVADLVLML,Q14692,0,144
KVADLVLML,KVADLVLML,Q5VTM2,0,39
LRDEFLVKI,LRDEFLVKI,Q6ZN30,0,911
SPHLNKNQL,SPHLNKNQL,Q8NFC6,0,104
FLPRKFPSL,FLPRKFPSL,Q14137,0,341
ALLKHLEGI,ALLKHLEGI,P07738,0,193
GLGAFGFQL,GLGAFGFQL,O95861,0,173
YLSPDLSKV,YLSPDLSKV,P15056,0,672
SLLPTSPRL,,,,
ALLPSSPTL,ALLPSSPTL,Q92994,0,608
FLVQNIHTL,FLVQNIHTL,Q8TDN6,0,140
TLNEKLTAL,TLNEKLTAL,Q8WUW1,0,48
GLHAWMVNV,GLHAWMVNV,Q5W0U4,0,283
LLSKVLIYL,LLSKVLIYL,O14981,0,42
SLADVHIEV,SLADVHIEV,O14981,0,783
LLSDVRFVL,LLSDVRFVL,Q9H0C5,0,66
FLYSDEVQI,FLYSDEVQI,Q9BX70,0,176
FLYSDEVQI,FLYSDEVQI,Q9H0C5,0,134
SLAANTFTI,SLAANTFTI,P20290,0,125
TLWVDPYEV,TLWVDPYEV,P62324,0,102
TLWVDPYEV,TLWVDPYEV,P78543,0,100
TMIGEIAAA,TMIGEIAAA,P62324,0,9
WVDPYEVSY,WVDPYEVSY,P62324,0,104
WVDPYEVSY,WVDPYEVSY,P78543,0,102
KMDPIISRV,KMDPIISRV,P78543,0,72
TLWVDPCEV,TLWVDPCEV,Q14201,0,92
VLMWEIYSL,VLMWEIYSL,Q06187,0,584
RPHVTWCKL,RPHVTWCKL,Q7Z6A9,0,65
FLHAVDVVL,FLHAVDVVL,Q7KYR7,0,323
FLHAADVVL,FLHAADVVL,Q8WVV5,0,322
YPVFRILTL,YPVFRILTL,O00478,0,495
YPVFRILTL,YPVFRILTL,O00481,0,494
RLWDIECGA,RLWDIECGA,Q9UKB1,0,425
RLWDIECGA,RLWDIECGA,Q9Y297,0,488
IAPPVPLKA,IAPPVPLKA,O43683,0,381
FVDERPEEV,FVDERPEEV,Q9BRD0,0,82
YVLEGLKSV,YVLEGLKSV,Q3B7T1,0,606
ILSTEIFGV,ILSTEIFGV,Q8N6T0,0,150
TVKVHVVAL,TVKVHVVAL,Q9BSB4,0,122
RLWEKLTLL,RLWEKLTLL,Q9H3J6,0,23
YLDPAQRGV,YLDPAQRGV,Q96S19,0,20
ALLQDLHKA,ALLQDLHKA,A1A4V9,0,145
LLDSVLVTL,LLDSVLVTL,Q0VG06,0,134
YLWNLQVKL,YLWNLQVKL,Q96DM3,0,354
SPWADNTAL,SPWADNTAL,P57076,0,266
VLLTVLERV,VLLTVLERV,Q08AI8,0,41
IVSLRLLSL,IVSLRLLSL,Q5JPI3,0,196
RPQSGANGL,RPQSGANGL,Q8WVX3,0,30
KVMDEVEKA,KVMDEVEKA,Q9Y383,0,153
GLAKRVWSL,GLAKRVWSL,Q9BUH6,0,126
ALLRHRVLL,ALLRHRVLL,Q5VZI3,0,172
VLLGVTDTV,VLLGVTDTV,Q5VZI3,0,178
FLQDLSLEL,FLQDLSLEL,O75493,0,217
DLLTRHKLL,DLLTRHKLL,Q9Y376,0,189
ITLTGVHQV,ITLTGVHQV,Q9HB71,0,90
GLIDVHVHL,GLIDVHVHL,P27708,0,1465
TLNDREYQL,TLNDREYQL,P27708,0,638
QPAPISPHL,QPAPISPHL,Q9P1Z2,0,577
KVHVIFNYK,KVHVIFNYK,P27797,0,142
GLSSLSIHL,GLSSLSIHL,Q96RR4,0,38
VLDASVKEV,VLDASVKEV,Q5T5Y3,0,1199
VLDELPPLI,VLDELPPLI,Q86VP6,0,692
IAVSHVGAV,IAVSHVGAV,Q8WVQ1,0,329
QVMGKVPTI,QVMGKVPTI,Q01518,0,399
DLRTKGFSL,DLRTKGFSL,P07384,0,578
KITEYLERV,KITEYLERV,Q9Y6W3,0,55
HLNEHLYNM,HLNEHLYNM,P04632,0,203
SLLDEFYKL,SLLDEFYKL,Q14444,0,183
VLKEIVERV,VLKEIVERV,Q14444,0,231
FLMNEVIKL,FLMNEVIKL,Q9BXL7,0,129
EAFLRSEAL,EAFLRSEAL,A5YM72,0,147
QLLERQPLL,QLLERQPLL,Q9HA77,0,514
DMLVKVNAL,DMLVKVNAL,P42575,0,404
TIDDIVLTI,TIDDIVLTI,Q7RTX7,0,126
YRHPDPREL,YRHPDPREL,O75081,0,356
KLMDKVVRL,KLMDKVVRL,P22681,0,60
KLMDKVVRL,KLMDKVVRL,Q13191,0,50
KPRGFARGL,KPRGFARGL,P83916,0,108
KPRGFARGL,KPRGFARGL,Q13185,0,112
AVGEHVFAV,AVGEHVFAV,O00257,0,4
ILDSRLIAA,ILDSRLIAA,O95503,0,47
RISDVHFSV,RISDVHFSV,O95503,0,90
GAQGGRPSL,GAQGGRPSL,Q9HC52,0,324
ALAEDPQEL,ALAEDPQEL,Q8IX12,0,465
DLYHKSCAL,DLYHKSCAL,Q8IX12,0,458
HLYSAKVML,HLYSAKVML,Q8IX12,0,442
KLDPKTMKV,KLDPKTMKV,Q8IX12,0,632
SLSGELREV,SLSGELREV,Q8IX12,0,1077
VMDEIHTVL,VMDEIHTVL,Q8IX12,0,1120
ETLKKVQAL,ETLKKVQAL,Q9BWC9,0,256
ILLMNDFKL,ILLMNDFKL,Q9NWR8,0,127
SLLSYNSEV,SLLSYNSEV,Q96LW4,0,537
APRPGPRAV,APRPGPRAV,Q8IWD4,0,41
APRKPDWDL,APRKPDWDL,Q8WUD4,0,107
SLADAVEKV,SLADAVEKV,Q5T0U0,0,21
GTDLSIFKY,GTDLSIFKY,Q96JG6,0,400
KLQDTLEQI,KLQDTLEQI,Q96JG6,0,224
ALDANIARL,ALDANIARL,Q49A88,0,933
ALEDRVWEL,ALEDRVWEL,Q6ZP82,0,75
ATDLAQHLY,ATDLAQHLY,Q6ZP82,0,1072
DIKKKFNNL,DIKKKFNNL,Q6ZP82,0,914
SLLRLAWQL,SLLRLAWQL,Q6ZP82,0,663
GMQEKLARL,GMQEKLARL,Q8IWP9,0,210
TLFKKIQAL,TLFKKIQAL,Q16204,0,114
KPADIFSTL,KPADIFSTL,A2RUB6,0,241
AVAAHIQEV,AVAAHIQEV,Q3V6T2,0,154
VMLQINPKL,VMLQINPKL,Q3V6T2,0,50
FLQEHNTTL,FLQEHNTTL,Q9P219,0,1102
GIVAHIQEV,GIVAHIQEV,Q9P219,0,153
VLDDSTAKL,VLDDSTAKL,Q9P219,0,853
ELDKRIEAL,ELDKRIEAL,Q9Y3X0,0,15
ALSEKIVSV,ALSEKIVSV,Q567U6,0,84
TLDDKKVYL,TLDDKKVYL,Q567U6,0,523
SLSAYNVKL,SLSAYNVKL,Q9BSQ5,0,113
HILECEFYL,HILECEFYL,P24863,0,133
ALTELLAKI,ALTELLAKI,P30279,0,226
ATDFKFAMY,ATDFKFAMY,P30279,0,188
FLAFILHRL,FLAFILHRL,P30281,0,159
YLDRYLSCV,YLDRYLSCV,P30281,0,83
APAAAVPTL,APAAAVPTL,O95273,0,5
RLNEAAVTV,RLNEAAVTV,O95273,0,54
LLDRFLATV,LLDRFLATV,Q14094,0,71
GILLRLPQV,GILLRLPQV,Q96S94,0,88
GILLRLPQV,GILLRLPQV,Q9UK58,0,93
LPRSKIICL,LPRSKIICL,P51684,0,160
FLLDKKIGV,FLLDKKIGV,P78371,0,217
ALDDMISTL,ALDDMISTL,P49368,0,128
QMAEIAVNA,QMAEIAVNA,P48643,0,183
SLIAKVATA,SLIAKVATA,P40227,0,74
SLIAKVATA,SLIAKVATA,Q92526,0,74
ILYDKLEKI,ILYDKLEKI,Q99832,0,272
KLLDVVHPA,KLLDVVHPA,Q99832,0,66
SLHDAIMIV,SLHDAIMIV,Q99832,0,387
EVISKLYAV,EVISKLYAV,P50990,0,461
NLMDDIERA,NLMDDIERA,P50990,0,382
FLDTSNQHL,FLDTSNQHL,Q99467,0,455
FQNNAIHYI,FQNNAIHYI,Q99467,0,179
ILIDKTSFV,ILIDKTSFV,P11049,0,35
WLHNNLISI,WLHNNLISI,P11049,0,236
IVTDVIATL,IVTDVIATL,P04234,0,107
VLFHNLPSL,VLFHNLPSL,P19397,0,41
SLSEKTVLL,SLSEKTVLL,P13987,0,105
VMDDQRDLI,VMDDQRDLI,P04233,0,15
SLNIGDVQL,SLNIGDVQL,P11912,0,214
VPASLMVSL,VPASLMVSL,P11912,0,37
WMHKVPASL,WMHKVPASL,P11912,0,33
LLSAEPVPA,LLSAEPVPA,P40259,0,19
YPFFRGVTI,YPFFRGVTI,O75794,0,14
FTDAGFEHY,FTDAGFEHY,Q9UNH5,0,236
APFFLPASL,APFFLPASL,Q9UJX2,0,568
LPALPLAEL,LPALPLAEL,Q9UJX2,0,61
TLLGHEFVL,TLLGHEFVL,P30260,0,604
YLSDNVHLV,YLSDNVHLV,Q16543,0,173
HLDPAVKEV,HLDPAVKEV,O60508,0,70
SLLDEVLNV,SLLDEVLNV,Q9UKI2,0,240
RPWSNSRGL,RPWSNSRGL,Q9NRR8,0,70
TPAVGRLEV,TPAVGRLEV,Q53HL2,0,170
SLISVIHLI,SLISVIHLI,O14735,0,186
GLADITQQL,GLADITQQL,Q9NYV4,0,1102
TLWYRPPEL,TLWYRPPEL,P50750,0,190
TLWYRPPEL,TLWYRPPEL,Q14004,0,875
TLWYRPPEL,TLWYRPPEL,Q9NYV4,0,897
FGLARAKSV,FGLARAKSV,O94921,0,274
FGLARAKSV,FGLARAKSV,Q00537,0,331
FGLARAKSV,FGLARAKSV,Q07002,0,283
FGLARAFGV,FGLARAFGV,P24941,0,145
FGLARAFGV,FGLARAFGV,Q00526,0,145
ALTPVVVTL,ALTPVVVTL,P11802,0,169
DLLTKRILL,DLLTKRILL,Q96SN8,0,157
LLMEHIQEI,LLMEHIQEI,Q96SN8,0,1393
NLKLRIYFL,NLKLRIYFL,Q96SN8,0,75
DLIGKLTSL,DLIGKLTSL,Q96JB5,0,406
FLAQRAVEL,FLAQRAVEL,Q96JB5,0,362
ILAELLLRV,ILAELLLRV,P50613,0,201
FGLARAFSL,FGLARAFSL,P50750,0,167
QQIDRVVEV,QQIDRVVEV,Q5VV42,0,157
YILEHLEEM,YILEHLEEM,Q5VV42,0,296
NLADNVQSI,NLADNVQSI,P53567,0,127
IQDDAVHTL,IQDDAVHTL,Q03701,0,254
KLYQHEINL,KLYQHEINL,Q03701,0,210
DIRKKRLQL,DIRKKRLQL,Q9H3R5,0,155
SPALKTTRL,SPALKTTRL,Q5SW79,0,1259
SLSSLLVKL,SLSSLLVKL,O15078,0,1635
GLLAKIFEL,GLLAKIFEL,Q53EZ4,0,196
KLIQESPTV,KLIQESPTV,Q86XR8,0,382
SVLEKQVSL,SVLEKQVSL,Q86XR8,0,162
TLQEKIHRL,TLQEKIHRL,Q8IYX8,0,60
DLIEKNLTL,DLIEKNLTL,Q6P2H3,0,640
ALYDATYET,ALYDATYET,P23528,0,82
ALYDATYET,ALYDATYET,Q9Y281,0,82
AIDVVPPNV,AIDVVPPNV,O15519,0,28
PLLDLHIEL,PLLDLHIEL,O15519,0,437
SPEQSRNVL,SPEQSRNVL,Q96JM3,0,674
SPESVKATL,SPESVKATL,Q96JM3,0,213
APRQPGLMA,APRQPGLMA,Q5T1J5,0,48
APRQPGLMA,APRQPGLMA,Q9Y6H1,0,48
LLDKLLIRL,LLDKLLIRL,O14646,0,791
QIVERVIAV,QIVERVIAV,O14647,0,377
NLMEMVAQL,NLMEMVAQL,Q9P2D1,0,2418
SLPDHLPSV,SLPDHLPSV,Q9Y259,0,85
VLAKQLVHL,VLAKQLVHL,Q9UQN3,0,59
KPKAPPPSL,KPKAPPPSL,Q9NZZ3,0,8
SPLSSHPVV,SPLSSHPVV,Q8WUX9,0,169
VIMKSSPEV,VIMKSSPEV,Q9NRG0,0,25
AESVPLIGK,AESVPLIGK,Q9GZZ6,0,291
VLLELLPRL,VLLELLPRL,Q04844,0,344
APKPGGLSL,APKPGGLSL,Q8NCH0,0,86
ILYGKIIHL,ILYGKIIHL,P0CG13,0,57
ALKLKQKSL,,,,
HLDAELDAY,HLDAELDAY,Q9Y3Y2,0,229
HLSTIIHEA,HLSTIIHEA,O15111,0,718
VLMDHILNL,VLMDHILNL,O15111,0,301
FLTKQEILL,FLTKQEILL,Q99828,0,20
APRPAGSYL,APRPAGSYL,P33076,0,4
GLQDLLFSL,GLQDLLFSL,P33076,0,463
KLAEALPSL,KLAEALPSL,P33076,0,1033
GQISEVVVV,GQISEVVVV,Q14011,0,29
HSDQQVFEY,HSDQQVFEY,Q969X6,0,544
FLDKNDHSL,FLDKNDHSL,O14578,0,1763
LLGPPPVGV,LLGPPPVGV,Q9ULV3,0,158
DMKAKVASL,DMKAKVASL,Q07065,0,267
GLDSRLQHV,GLDSRLQHV,Q07065,0,407
HVLEEVQQV,HVLEEVQQV,Q07065,0,128
SLDNLKASV,SLDNLKASV,Q07065,0,534
WLAEKLPTL,WLAEKLPTL,Q14008,0,1000
KYFDEHYEY,KYFDEHYEY,P33552,0,10
ALMKEIPAL,ALMKEIPAL,Q96S66,0,324
KVLGVLFSV,KVLGVLFSV,P51797,0,182
GLYDMHIQL,GLYDMHIQL,P51798,0,599
ISLPVSLYL,ISLPVSLYL,Q2KHT3,0,307
GLKHDIARV,GLKHDIARV,Q6ZS10,0,223
FPLQRSVSF,FPLQRSVSF,Q8IZS7,0,99
FLDGNELTL,FLDGNELTL,O00299,0,166
LPKLHIVQV,LPKLHIVQV,O00299,0,180
FLDGNEMTL,FLDGNEMTL,Q9Y696,0,177
NLLPKLHIV,NLLPKLHIV,O00299,0,178
NLLPKLHIV,NLLPKLHIV,Q9Y696,0,189
DLKRKPADL,DLKRKPADL,Q96NY7,0,509
DLKRKPADL,DLKRKPADL,Q9NZA1,0,213
DLKRKPADL,DLKRKPADL,Q9Y696,0,57
QLMGEIAKA,QLMGEIAKA,Q14677,0,41
ALQEENVKL,ALQEENVKL,P30622,0,1173
GLFAPVHKV,GLFAPVHKV,P30622,0,269
ALFWEQHDL,ALFWEQHDL,O96005,0,122
IIVSIVHSV,IIVSIVHSV,O96005,0,360
FVHDLVLYL,FVHDLVLYL,P53675,0,782
FVHDLVLYL,FVHDLVLYL,Q00610,0,782
HLGEYQAAV,HLGEYQAAV,P53675,0,1232
HLGEYQAAV,HLGEYQAAV,Q00610,0,1232
HLWAELVFL,HLWAELVFL,P53675,0,1355
HLWAELVFL,HLWAELVFL,Q00610,0,1355
LLMVLSPRL,LLMVLSPRL,Q00610,0,1421
NPASKVIAL,NPASKVIAL,P53675,0,73
NPASKVIAL,NPASKVIAL,Q00610,0,73
RLASTLVHL,RLASTLVHL,P53675,0,1225
RLASTLVHL,RLASTLVHL,Q00610,0,1225
ALLDNNIGL,ALLDNNIGL,O75153,0,1103
YIDENQDRY,YIDENQDRY,Q96KP4,0,9
RLTEYIHCL,RLTEYIHCL,Q8N9A8,0,15
APFLRNVEL,APFLRNVEL,A5YKK6,0,2075
DAFVRLIAL,DAFVRLIAL,A5YKK6,0,1936
SLADFMQEV,SLADFMQEV,A5YKK6,0,253
YLLREWVNL,YLLREWVNL,A5YKK6,0,1853
YVVPFVAKV,YVVPFVAKV,A5YKK6,0,1233
DLIEKELSV,DLIEKELSV,O95628,0,416
LPGSGKSTL,LPGSGKSTL,P09543,0,57
FLSAMDWHL,FLSAMDWHL,Q9BV87,0,165
RLIEVTETI,RLIEVTETI,Q9BT09,0,94
YLILSSHQL,YLILSSHQL,P34972,0,55
FQNHLNHVV,FQNHLNHVV,Q7Z7A1,0,791
RQVEKAWAL,RQVEKAWAL,Q13057,0,542
APNPAPKEL,APNPAPKEL,Q53SF7,0,890
SPHASLQEL,SPHASLQEL,Q53SF7,0,163
SPALKRLDL,SPALKRLDL,Q8WTW3,0,6
GLEEKLPSL,GLEEKLPSL,Q14746,0,322
TLKDTITSV,TLKDTITSV,Q9UP83,0,270
VVGHITEGV,VVGHITEGV,Q9Y2V7,0,344
APRAALTRL,APRAALTRL,P83436,0,565
SLMEILYTL,SLMEILYTL,P83436,0,544
ILSELAPSL,ILSELAPSL,Q86X83,0,112
TLQDIVYKL,TLQDIVYKL,P35226,0,73
TLQDIVYKL,TLQDIVYKL,P35227,0,73
QLQDFDWQV,QLQDFDWQV,Q9NX08,0,115
RLVDLDWRV,RLVDLDWRV,Q9P000,0,121
ILLSVPLLV,ILLSVPLLV,P53621,0,1031
YLTAATHGL,YLTAATHGL,P53621,0,758
DVKSKTEAL,DVKSKTEAL,P53618,0,33
LLMATILHL,LLMATILHL,P53618,0,586
RLLHEMILV,RLLHEMILV,P53618,0,92
VIVELIYKV,VIVELIYKV,P53618,0,225
IPKDNRLYL,IPKDNRLYL,P35606,0,566
AIVDKVPSV,AIVDKVPSV,Q9Y678,0,146
ALVSSLHLL,ALVSSLHLL,Q9Y678,0,158
ILTKILYLI,ILTKILYLI,Q9Y678,0,46
TVADHIQKV,TVADHIQKV,Q9Y678,0,758
VLEDLEVTV,VLEDLEVTV,Q9UBF2,0,748
VLEDLEVTV,VLEDLEVTV,Q9Y678,0,751
ALYEQSLHI,ALYEQSLHI,P61201,0,215
AYHELAQVY,AYHELAQVY,Q9UNS2,0,258
ALATLIHQV,ALATLIHQV,Q9UBW8,0,25
RLTDYVAFL,RLTDYVAFL,Q99627,0,198
SLWHLPLLL,SLWHLPLLL,Q12887,0,414
TSDSTVYDY,TSDSTVYDY,O14548,0,45
ALASLIRSV,ALASLIRSV,Q9Y646,0,198
SLAEEHEGL,SLAEEHEGL,Q10570,0,167
LLTNVLETL,LLTNVLETL,Q9P2I0,0,218
QLLDQIWRT,QLLDQIWRT,Q9P2I0,0,247
RLTDFLDCV,RLTDFLDCV,Q5TA45,0,55
YLAVESPFL,YLAVESPFL,P50416,0,665
SLAPVLCGI,SLAPVLCGI,P20023,0,971
HAWARVQSL,HAWARVQSL,Q96RY5,0,330
ISTEVNPKL,ISTEVNPKL,Q96RY5,0,736
DIMNKCTSL,DIMNKCTSL,Q96SW2,0,312
TLIEELKAL,TLIEELKAL,P16220,0,323
IQAEHSYSL,IQAEHSYSL,Q70SY1,0,76
IQAEHSYSL,IQAEHSYSL,Q96BA8,0,81
VLLELQQHL,VLLELQQHL,Q70SY1,0,487
YIDGLESRV,YIDGLESRV,Q8TEY5,0,240
ALMPTLEAL,ALMPTLEAL,Q09472,0,1056
ALMPTLEAL,ALMPTLEAL,Q92793,0,1092
ILIGYLEYV,ILIGYLEYV,Q09472,0,1416
ILIGYLEYV,ILIGYLEYV,Q92793,0,1452
LLAEKIYKI,LLAEKIYKI,Q09472,0,631
LLAEKIYKI,LLAEKIYKI,Q92793,0,652
SPMNHSVQM,SPMNHSVQM,Q92793,0,744
NPRDNFLSL,NPRDNFLSL,Q8IUR6,0,53
YFAERVTSL,YFAERVTSL,P50238,0,11
PTAEDNLEY,PTAEDNLEY,P46109,0,118
IQLDSLPEV,IQLDSLPEV,Q8IUI8,0,137
LLDERLVTL,LLDERLVTL,Q8IUI8,0,68
EIRQKNLSL,EIRQKNLSL,Q9BZJ0,0,582
VLAKELVEV,VLAKELVEV,Q5TZA2,0,676
VLAKELVEV,VLAKELVEV,Q8IVE0,0,139
LLFDQNDKV,LLFDQNDKV,O75718,0,321
HPSLPASSL,HPSLPASSL,Q53ET0,0,368
FLNDEVWNL,FLNDEVWNL,O95825,0,283
SVDPTQTEY,SVDPTQTEY,O75534,0,606
HALERLFTM,HALERLFTM,P55060,0,523
IHLAQSLHK,IHLAQSLHK,P55060,0,925
YLQGYLQAA,YLQGYLQAA,P55060,0,957
ALTFELTLR,ALTFELTLR,P07333,0,390
LTDFDIRFY,LTDFDIRFY,P19784,0,128
LTDYDIRFY,LTDYDIRFY,P68400,0,127
LTDYDIRFY,LTDYDIRFY,Q8NEV1,0,127
LPDERTISL,LPDERTISL,Q05048,0,369
TLYDHVDEV,TLYDHVDEV,Q05048,0,167
SPQEARNML,SPQEARNML,P33240,0,153
ETALLVDRY,ETALLVDRY,Q12996,0,519
GLDRNAPSV,GLDRNAPSV,Q12996,0,228
DISKRIQSL,DISKRIQSL,Q96PC5,0,775
DISKRIQSL,DISKRIQSL,Q96RT6,0,137
ALMYHTITL,ALMYHTITL,Q13363,0,72
EGRIRGAAL,EGRIRGAAL,P56545,0,286
EGRIRGAAL,EGRIRGAAL,Q13363,0,280
DLKTHQRLP,DLKTHQRLP,Q2NKJ3,0,71
FLTHVNPRL,FLTHVNPRL,Q2NKJ3,0,1185
QLDPTLLQM,QLDPTLLQM,P49711,0,64
YLEEILVRV,YLEEILVRV,Q9Y5B0,0,591
YLNKEIEEA,YLNKEIEEA,Q9Y5B0,0,610
KLIPFLEKL,KLIPFLEKL,Q05D32,0,433
ALLSAVTRL,ALLSAVTRL,P26232,0,128
ALLSAVTRL,ALLSAVTRL,P35221,0,129
FIDASRLVY,FIDASRLVY,P26232,0,608
FIDASRLVY,FIDASRLVY,P35221,0,610
GLQKMVALL,GLQKMVALL,P35222,0,277
VGLIRNLAL,VGLIRNLAL,P35222,0,510
YGLPVVVKL,YGLPVVVKL,P35222,0,488
IMYDQNHLL,IMYDQNHLL,Q6PD62,0,123
LVDCSTEKY,LVDCSTEKY,P25774,0,166
QLKLKTGKL,QLKLKTGKL,P25774,0,150
DVHKKYNAL,DVHKKYNAL,Q13616,0,371
ALDKALTSV,ALDKALTSV,Q13617,0,366
KLYTGLREV,KLYTGLREV,Q13618,0,71
YLREQGKAL,YLREQGKAL,Q13618,0,319
YRNAYTMVL,YRNAYTMVL,Q13618,0,57
FLEETNCLY,FLEETNCLY,Q13619,0,234
DLKKRIESL,DLKKRIESL,Q13619,0,730
DLKKRIESL,DLKKRIESL,Q13620,0,884
FLFLDRTYV,FLFLDRTYV,Q13619,0,152
FLFLDRTYV,FLFLDRTYV,Q13620,0,306
TLISELVQA,TLISELVQA,Q14999,0,301
ALTDFVRSV,ALTDFVRSV,O60888,0,131
ITDKNSLAY,ITDKNSLAY,Q9HCG8,0,145
FPQVGRTAL,FPQVGRTAL,P49682,0,206
VLSELAARL,VLSELAARL,Q8TB03,0,1
HPINPRVAL,HPINPRVAL,Q9P0U4,0,490
RPLSHYSSF,RPLSHYSSF,Q7LFL8,0,76
ILHHKVYDL,ILHHKVYDL,P00167,0,28
EVMPKICRL,EVMPKICRL,Q7L576,0,953
EVMPKICRL,EVMPKICRL,Q96F07,0,977
LLKQRHVQL,LLKQRHVQL,Q7L576,0,748
LLKQRHVQL,LLKQRHVQL,Q96F07,0,772
QLWFREFFL,QLWFREFFL,Q7L576,0,619
QLWFREFFL,QLWFREFFL,Q96F07,0,643
DLALRGLQL,DLALRGLQL,Q96F07,0,390
VLISVLQAI,VLISVLQAI,Q96F07,0,504
KILEKVEAA,KILEKVEAA,Q9NQC7,0,663
RPDSRFASL,RPDSRFASL,Q9NQC7,0,539
YLDSTLFCL,YLDSTLFCL,Q9NQC7,0,601
KLYEEINQV,KLYEEINQV,Q6UW02,0,300
SLHEFLVNL,SLHEFLVNL,Q6UW02,0,52
VLVKRLHLL,VLVKRLHLL,Q6UW02,0,424
ALSELIILT,ALSELIILT,Q16850,0,196
QLNEKVAQL,QLNEKVAQL,Q16850,0,217
QLLEDIQKL,QLLEDIQKL,Q9UIA0,0,27
AAWPNVAAV,AAWPNVAAV,Q3LXA3,0,333
ILRAILEVL,ILRAILEVL,Q3LXA3,0,564
NKTDVVLIL,NKTDVVLIL,O43293,0,84
QILDGVHYL,QILDGVHYL,O43293,0,121
ILDISEHTL,ILDISEHTL,Q9UBU7,0,460
PLWGKVFYL,PLWGKVFYL,Q9UBU7,0,44
VPRNYDPAL,VPRNYDPAL,Q9NV06,0,23
FLYAGHIFL,FLYAGHIFL,Q66K64,0,72
VPEEARPAL,VPEEARPAL,Q66K64,0,337
HLDFHCNEY,HLDFHCNEY,Q5H9S7,0,450
SLNENVLTV,,,,
DSMEDTGHY,DSMEDTGHY,Q5TAQ9,0,78
LPRPRWQAL,LPRPRWQAL,Q5TAQ9,0,146
DFKDKYESL,DFKDKYESL,P27707,0,240
RIRAQLASL,RIRAQLASL,P27707,0,103
VLTDITEAI,VLTDITEAI,O43602,0,209
VLTDITEAI,VLTDITEAI,Q8N568,0,226
VLYTGDFRL,VLYTGDFRL,Q96SD1,0,130
TLHEVYLQV,TLHEVYLQV,Q9NPI6,0,563
VGKGRDISL,VGKGRDISL,Q8IZD4,0,9
HLHVHFTAL,HLHVHFTAL,Q96C86,0,274
LLAEVIENL,LLAEVIENL,Q96C86,0,296
QLMEQVAQL,QLMEQVAQL,Q14203,0,1183
SLSDTVEKL,SLSDTVEKL,Q14203,0,1193
TLHRYEHAL,TLHRYEHAL,Q14203,0,665
RLLHEVQEL,RLLHEVQEL,Q13561,0,104
ALLEQVNAL,ALLEQVNAL,O75935,0,98
RPQPQTLQL,RPQPQTLQL,O00399,0,155
ELSDVLIYL,ELSDVLIYL,Q9H773,0,94
ALDPASISV,ALDPASISV,Q96GG9,0,93
RPEVDGVRK,RPEVDGVRK,O95865,0,96
ALSLVSCKL,ALSLVSCKL,Q16531,0,812
LLLDMQNRL,LLLDMQNRL,Q16531,0,1049
RLNKVIKSV,RLNKVIKSV,Q16531,0,1056
RLYDGLFKV,RLYDGLFKV,Q16531,0,133
YLDNGVVFV,YLDNGVVFV,Q16531,0,315
EGFDRSTSL,EGFDRSTSL,Q9NX09,0,40
FLTEFINYI,FLTEFINYI,Q96HY6,0,214
RRMEVYNEF,RRMEVYNEF,Q13206,0,352
QLAQFVHEV,QLAQFVHEV,A8MPP1,0,239
QLAQFVHEV,QLAQFVHEV,Q92771,0,256
QLAQFVHEV,QLAQFVHEV,Q96FC9,0,237
YLDQTLPRA,YLDQTLPRA,A8MPP1,0,814
YLDQTLPRA,YLDQTLPRA,Q92771,0,832
ELAQQVQQV,ELAQQVQQV,P17844,0,177
ELAQQVQQV,ELAQQVQQV,Q92841,0,254
YLLPAIVHI,YLLPAIVHI,P17844,0,147
YLLPAIVHI,YLLPAIVHI,Q92841,0,224
KLIEKNYFL,KLIEKNYFL,Q9NVP1,0,566
ALAAALAHI,ALAAALAHI,Q9BQ39,0,560
ALAAALAHI,ALAAALAHI,Q9NR30,0,609
AVIGDVIRV,AVIGDVIRV,Q9NR30,0,424
TAMKKGETL,TAMKKGETL,Q9NR30,0,14
VLDEADRMI,VLDEADRMI,Q9BUQ8,0,546
FAIPMIHAV,FAIPMIHAV,Q9GZR7,0,246
SPAKNPSSL,SPAKNPSSL,Q9GZR7,0,59
VPRPVLRAL,VPRPVLRAL,Q9GZR7,0,198
YPKRPLLGL,YPKRPLLGL,Q9GZR7,0,382
HLSSIEVLI,HLSSIEVLI,Q96GQ7,0,360
RPLLKAITA,RPLLKAITA,Q96GQ7,0,226
TLDEKIEKV,TLDEKIEKV,Q96GQ7,0,115
MPSVKVSVF,MPSVKVSVF,O00148,0,138
MPNVKVAVF,MPNVKVAVF,Q13838,0,139
MQDPMEIFV,MQDPMEIFV,Q13838,0,242
FLDEYIFLA,FLDEYIFLA,O00571,0,395
FLDEYIFLA,FLDEYIFLA,O15523,0,393
FLLPILSQI,FLLPILSQI,O00571,0,233
FLLPILSQI,FLLPILSQI,O15523,0,231
LLLKGVEAV,LLLKGVEAV,Q9UJV9,0,451
VLMDLKALL,VLMDLKALL,Q9UJV9,0,543
FIWPMLIHI,FIWPMLIHI,Q86XP3,0,306
GLDIPTVQV,GLDIPTVQV,Q9Y6V7,0,310
APELQRHEL,APELQRHEL,Q8N8A6,0,625
FVIPVVQAL,FVIPVVQAL,Q8N8A6,0,265
IIDEADRMI,IIDEADRMI,Q8N8A6,0,368
YTDATPLRV,YTDATPLRV,Q8N8A6,0,303
VLLHLLHNV,VLLHLLHNV,Q8TDD1,0,325
VLMEKPDVV,VLMEKPDVV,Q9NY93,0,129
ALDEYNMKI,ALDEYNMKI,Q8IY21,0,1523
YLWNTVSKL,YLWNTVSKL,Q8IY21,0,409
YLEETSIRY,YLEETSIRY,O75618,0,116
IYQGRLWAF,IYQGRLWAF,P59665,0,83
IYQGRLWAF,IYQGRLWAF,P59666,0,83
FPNIPGKSL,FPNIPGKSL,O15121,0,264
SMTLAIHEI,SMTLAIHEI,O15121,0,82
MLKKFRNAM,MLKKFRNAM,P35659,0,147
NRPGTVSSL,NRPGTVSSL,P35659,0,114
FLAEGLSTL,FLAEGLSTL,Q9H6A0,0,258
VLYDWKERL,VLYDWKERL,Q7Z401,0,104
WAKLRNVVL,WAKLRNVVL,O75064,0,873
FLWTKVRNV,FLWTKVRNV,Q5VZ89,0,878
FLWTKVRNV,FLWTKVRNV,Q7Z401,0,868
KLFDRPQEL,KLFDRPQEL,Q5VZ89,0,716
SLYREILFL,SLYREILFL,Q5VZ89,0,1843
SLYREILFL,SLYREILFL,Q7Z401,0,1797
FIWDFIEKV,FIWDFIEKV,Q6ZUT9,0,1149
VILPTVHEV,VILPTVHEV,Q8IWF6,0,260
SPKESENAL,SPKESENAL,O75140,0,444
VPEQRTVTL,VPEQRTVTL,O75140,0,1347
FLYQYSTRL,FLYQYSTRL,Q9BUN8,0,77
RPADYLFML,RPADYLFML,Q9BUN8,0,93
RPKYQFLSL,RPKYQFLSL,O60443,0,47
NPRQVFNLL,NPRQVFNLL,P23743,0,401
VLKEKLDSL,VLKEKLDSL,Q16760,0,540
FSEIDLEKY,FSEIDLEKY,Q86XF0,0,148
APGLIKTSF,APGLIKTSF,P0CG22,0,213
APGLIKTSF,APGLIKTSF,Q9BTZ2,0,210
DILVRHQSF,DILVRHQSF,O43143,0,147
ILMGVLKEV,ILMGVLKEV,O43143,0,270
NPRIRVESL,NPRIRVESL,O43143,0,447
TSERTVLRY,TSERTVLRY,O60231,0,486
GLYPNLIQV,GLYPNLIQV,Q7L2E3,0,1021
FLIIPLHSL,FLIIPLHSL,Q9H2U1,0,518
GLLSRIVTL,GLLSRIVTL,Q8IY37,0,385
KLGDLMVLL,KLGDLMVLL,Q8IY37,0,850
HLTYLNVYL,HLTYLNVYL,Q92620,0,1007
NLANVVLLL,NLANVVLLL,Q92620,0,889
VLFGLLREV,VLFGLLREV,Q92620,0,662
VPISKSEAL,VPISKSEAL,Q8IX18,0,382
ALYPNVVQV,ALYPNVVQV,Q6P158,0,1219
FLYDKALTF,FLYDKALTF,Q6P158,0,391
YLDASLITV,YLDASLITV,Q14562,0,755
GPLPPHLAL,GPLPPHLAL,Q08211,0,110
RPSAAGINL,RPSAAGINL,Q08211,0,1139
YQLEQDHDL,YQLEQDHDL,Q08211,0,369
ALMRRAVSL,ALMRRAVSL,Q9NR28,0,71
TLLHFLAEL,TLLHFLAEL,O60610,0,1017
VVMGTVPRL,VVMGTVPRL,O60610,0,924
QMLELITRL,QMLELITRL,Q9UPY3,0,840
YIFSHILRL,YIFSHILRL,Q9UPY3,0,851
IRNLIFYEL,IRNLIFYEL,Q68CQ4,0,681
SIADKIQQI,SIADKIQQI,Q9UNQ2,0,270
VPFIRSGLL,VPFIRSGLL,Q9P265,0,788
SLAESLDQA,SLAESLDQA,Q9Y2L1,0,719
KLTDIARHV,KLTDIARHV,Q8TF46,0,630
ALFQRPPLI,ALFQRPPLI,O60832,0,178
SLQDHLEKV,SLQDHLEKV,P11532,0,2969
RLAEVVHEL,RLAEVVHEL,Q9Y222,0,282
GLFEAAHVL,GLFEAAHVL,Q8TDJ6,0,1331
GLFEAAHVL,GLFEAAHVL,Q9Y485,0,1309
RPFYRASSF,RPFYRASSF,Q9Y485,0,1888
WLTPVIPAL,WLTPVIPAL,K7EIQ3,0,18
WLTPVIPAL,WLTPVIPAL,Q7Z5D8,0,5
WLTPVIPAL,WLTPVIPAL,Q9NRJ1,0,69
NGATRKLAL,NGATRKLAL,P31689,0,119
TVLEQVLPI,TVLEQVLPI,P25685,0,331
RLSEVQASL,RLSEVQASL,Q9NXW2,0,364
GMLDGLVNV,GMLDGLVNV,Q8IXB1,0,280
SLDAKEIYL,SLDAKEIYL,Q8IXB1,0,332
FLFNYDYTL,FLFNYDYTL,O75165,0,1549
HLADFTPRL,HLADFTPRL,O75165,0,1217
SLLALLHSL,SLLALLHSL,O75165,0,1817
KMMEEVEKL,KMMEEVEKL,Q99543,0,374
EIKKRFRQL,EIKKRFRQL,O75937,0,71
QSELVGQLY,QSELVGQLY,O00429,0,682
VTDSIRDEY,VTDSIRDEY,O00429,0,257
ETERIVTTY,ETERIVTTY,P50570,0,454
VIQELINTV,VIQELINTV,P50570,0,430
VIQELINTV,VIQELINTV,Q9UQ16,0,430
YAIKNIHGV,YAIKNIHGV,P50570,0,389
DIKIRVNKF,DIKIRVNKF,P26358,0,1012
DLDSRVLYY,DLDSRVLYY,P26358,0,915
YLDDPDLKY,YLDDPDLKY,P26358,0,358
VLTEHVAAA,VLTEHVAAA,O43598,0,51
NYFHLAVAF,NYFHLAVAF,Q14185,0,1023
NYFHLAVAF,NYFHLAVAF,Q92608,0,1027
NYFHLAVAF,NYFHLAVAF,Q9H7D0,0,1044
FVFETPFTL,FVFETPFTL,Q96BY6,0,1976
GLSEISQRL,GLSEISQRL,Q96BY6,0,1904
GPAYARAFL,,,,
TPALPTVSI,TPALPTVSI,Q96BY6,0,2171
FLVARIEKV,FLVARIEKV,Q5JSL3,0,475
FLVARIEKV,FLVARIEKV,Q9BZ29,0,473
GLSEISLRL,GLSEISLRL,Q5JSL3,0,1790
MLDKYSHYL,MLDKYSHYL,Q5JSL3,0,243
STDWHVVNY,STDWHVVNY,Q5JSL3,0,108
SPRLSQTFL,SPRLSQTFL,Q92608,0,1779
VRNDIYITL,VRNDIYITL,Q92608,0,421
AVRPASLNL,AVRPASLNL,Q96N67,0,882
SPDLRLTWL,SPDLRLTWL,Q8NF50,0,1636
SPDLRLTWL,SPDLRLTWL,Q96HP0,0,1591
SPDLRLTWL,SPDLRLTWL,Q96N67,0,1682
YLITHPLAV,YLITHPLAV,Q96N67,0,62
DMKKKTLQL,DMKKKTLQL,Q8NF50,0,1950
FMYTTPFTL,FMYTTPFTL,Q8NF50,0,1892
GLYETVNEV,GLYETVNEV,Q8NF50,0,1742
IILDALPQL,IILDALPQL,Q8NF50,0,1220
SLLGGVLRV,SLLGGVLRV,Q8NF50,0,1455
YLVVKIEKV,YLVVKIEKV,Q8NF50,0,343
FRHEVGYVL,FRHEVGYVL,Q9BU89,0,204
APKPQGPAF,APKPQGPAF,Q99704,0,421
IPLLGKSSL,IPLLGKSSL,Q9NYP3,0,543
SLLDSNVLV,SLLDSNVLV,Q9Y3R5,0,233
FLGTFILKV,FLGTFILKV,Q9H3H5,0,327
YPHLVAGAL,YPHLVAGAL,Q9UHL4,0,174
GLTDNVERI,GLTDNVERI,Q9C005,0,21
FLKDLVASV,FLKDLVASV,Q14919,0,81
EAAIRSVEL,EAAIRSVEL,O14972,0,202
HTDILKEKY,HTDILKEKY,Q8N5C7,0,261
TLWDKSKKL,TLWDKSKKL,Q9NX74,0,412
QLIDYERQL,QLIDYERQL,O95147,0,156
TVADKIHSV,TVADKIHSV,O95147,0,91
RLDEAFDFV,RLDEAFDFV,Q05923,0,278
SLIGHLQTL,SLIGHLQTL,Q16690,0,336
ATEFIMNEY,ATEFIMNEY,Q14204,0,3595
IVMQEVETV,IVMQEVETV,Q14204,0,3788
VLSNVEVTL,VLSNVEVTL,Q14204,0,1780
YQVGVHYEL,YQVGVHYEL,Q14204,0,1003
ILHENFTTV,ILHENFTTV,O43237,0,321
RPWTVMESL,RPWTVMESL,O43237,0,140
KIRGVINQL,KIRGVINQL,Q8TCX1,0,228
FLPAGIVAV,FLPAGIVAV,O95905,0,211
QLLEKVIEL,QLLEKVIEL,Q9NTX5,0,84
ALSQDIPEI,ALSQDIPEI,Q6P2E9,0,738
GLLGNVVNI,GLLGNVVNI,Q92611,0,344
HPRDPNLLL,HPRDPNLLL,O75530,0,198
TLLEALDCI,TLLEALDCI,P68104,0,226
TLLEALDCI,TLLEALDCI,Q5VTE0,0,226
RPTDKPLRL,RPTDKPLRL,P68104,0,239
RPTDKPLRL,RPTDKPLRL,Q05639,0,239
RPTDKPLRL,RPTDKPLRL,Q5VTE0,0,239
FPNTNRWFL,FPNTNRWFL,P26641,0,183
ELKQRARYL,ELKQRARYL,P13639,0,626
GLHGWAFTL,GLHGWAFTL,P13639,0,216
GLKEGIPAL,GLKEGIPAL,P13639,0,842
ILTDITKGV,ILTDITKGV,P13639,0,660
LPRLKVYKL,LPRLKVYKL,P57772,0,463
DTDEYVLKY,DTDEYVLKY,Q5JVL4,0,506
DLKIKREKI,DLKIKREKI,Q14156,0,506
FILEPLYKI,FILEPLYKI,Q15029,0,371
TLDELGIHL,TLDELGIHL,Q15029,0,394
SLLEWCQEV,SLLEWCQEV,Q8N3D4,0,1041
ALANHLIKV,ALANHLIKV,Q9H4M9,0,501
ALANHLIKV,ALANHLIKV,Q9NZN3,0,501
MLANDIARL,MLANDIARL,Q9H4M9,0,384
TVLGKIWKL,TVLGKIWKL,Q9H4M9,0,478
MLAHDIAQL,MLAHDIAQL,Q9NZN3,0,384
ALAKHLIKI,ALAKHLIKI,Q9H223,0,504
RLPEIYIQL,RLPEIYIQL,Q9H223,0,336
SVLGKIWKL,SVLGKIWKL,Q9H223,0,481
SVLGKIWKL,SVLGKIWKL,Q9NZN3,0,478
SLNSQVWSA,SLNSQVWSA,Q9H9B1,0,979
NKADVILKY,NKADVILKY,O14602,0,86
NKADVILKY,NKADVILKY,P47813,0,86
DLKPRNIFL,DLKPRNIFL,Q9BQI3,0,441
SLLEHLSHV,SLLEHLSHV,Q9BQI3,0,70
AIMDIVIKV,AIMDIVIKV,Q9NZJ5,0,303
ELFLRFISL,ELFLRFISL,Q14232,0,69
ELFLRRISL,ELFLRRISL,Q14232,0,97
FLNKEITSV,FLNKEITSV,Q9UI10,0,278
VVRIITSEL,VVRIITSEL,Q13144,0,118
LPRKHIQGL,LPRKHIQGL,P41214,0,565
SILRHVAEV,SILRHVAEV,P05198,0,109
ILQNKIDLV,ILQNKIDLV,P41091,0,186
ILQNKIDLV,ILQNKIDLV,Q2VIR3,0,186
VMDAALLLI,VMDAALLLI,P41091,0,150
VMDAALLLI,VMDAALLLI,Q2VIR3,0,150
ILADLEDYL,ILADLEDYL,B5ME19,0,108
ILADLEDYL,ILADLEDYL,Q99613,0,108
LLEIPYMAA,LLEIPYMAA,B5ME19,0,692
LLEIPYMAA,LLEIPYMAA,Q99613,0,691
SLDQPTQTV,SLDQPTQTV,B5ME19,0,834
SLDQPTQTV,SLDQPTQTV,Q99613,0,833
SLYDYNPNL,SLYDYNPNL,B5ME19,0,381
SLYDYNPNL,SLYDYNPNL,Q99613,0,380
VLVNDFFLV,VLVNDFFLV,P60228,0,317
ALNEKLVNL,ALNEKLVNL,O00303,0,348
SLVNQVPKI,SLVNQVPKI,O00303,0,309
LLMDRVDEM,LLMDRVDEM,O15372,0,244
RLTPKLMEV,RLTPKLMEV,O15372,0,167
YQHAIEESV,YQHAIEESV,O15372,0,139
DLKKITNSL,DLKKITNSL,O75822,0,194
SMYSRVPEC,SMYSRVPEC,Q9Y262,0,302
VIDQKVYEI,VIDQKVYEI,Q9Y262,0,82
FLFDHLLTL,FLFDHLLTL,Q7L2H7,0,217
TLLRLLYEA,TLLRLLYEA,Q7L2H7,0,162
YLKSKGAEI,YLKSKGAEI,Q7L2H7,0,20
