NTVKETIKYLKSLFS,NTVEETTKDVSGLHS,sp|P52732|KIF11_HUMAN,7,500
NTVKETIKYLKSLFS,NTVSETAKDLVSKML,sp|Q15418|KS6A1_HUMAN,7,641
NTVKETIKYLKSLFS,NTVKKNKNHLKDLSS,sp|Q7L2Z9|CENPQ_HUMAN,7,36
NTVKETIKYLKSLFS,KCVEEILGYLKSCFS,sp|P42858|HD_HUMAN,7,1287
NTVKETIKYLKSLFS,KFIKELIKDGKSLIS,sp|Q9UNA1|RHG26_HUMAN,7,33
NTVKETIKYLKSLFS,NLSKETKTILKSSLS,sp|P52701|MSH6_HUMAN,7,599
NTVKETIKYLKSLFS,KNVKENIQDNISLFS,sp|P19823|ITIH2_HUMAN,7,435
NTVKETIKYLKSLFS,FFLGETLKYLFLLFS,sp|Q9UKM7|MA1B1_HUMAN,7,658
NTVKETIKYLKSLFS,NLVKENYKTLMSLDA,sp|Q9UDV7|ZN282_HUMAN,7,224
NTVKETIKYLKSLFS,NSVKKTLTELKSDFD,sp|Q70UQ0|IKIP_HUMAN,7,239
NTVKETIKYLKSLFS,NSVKEIISLLVSKFV,sp|Q86UW7|CAPS2_HUMAN,7,1116
NTVKETIKYLKSLFS,FFLAETLKYLYLLFS,sp|Q9NR34|MA1C1_HUMAN,7,581
NTVKETIKYLKSLFS,QTVQSSCKDLKRLFS,sp|P16220|CREB1_HUMAN,7,83
NTVKETIKYLKSLFS,NTTFKTDVYLKSLNP,sp|Q86YS7|C2CD5_HUMAN,7,34
NTVKETIKYLKSLFS,LEEKENKEYLKSLFE,sp|O43422|P52K_HUMAN,7,156
NTVKETIKYLKSLFS,LKVQEDIKALKQLLS,sp|Q9BVL2|NUP58_HUMAN,7,280
NTVKETIKYLKSLFS,AEVHESYKHLKSLQS,sp|Q15067|ACOX1_HUMAN,7,643
NTVKETIKYLKSLFS,STVMEQLKKSKTLFS,sp|P11215|ITAM_HUMAN,7,173
NTVKETIKYLKSLFS,FFLAETLKYLYLLFS,sp|O60476|MA1A2_HUMAN,7,590
NTVKETIKYLKSLFS,NLVKEKIKFLESEIG,sp|Q9UFE4|CCD39_HUMAN,7,259
NTVKETIKYLKSLFS,DTHKELIKTLKELKV,sp|O15055|PER2_HUMAN,7,105
TIKYLKSLFSHAFEVVKT,EQKNLKKEFLHAQEEVKR,sp|P43686|PRS6B_HUMAN,9,63
TIKYLKSLFSHAFEVVKT,TKKDLKDYFSKFGEVVDC,sp|Q14103|HNRPD_HUMAN,9,108
TIKYLKSLFSHAFEVVKT,LTAELKSLEDKAAEVVKN,sp|Q9NTJ3|SMC4_HUMAN,9,957
TIKYLKSLFSHAFEVVKT,VIDGSKSLGEENFEVVKQ,sp|O00339|MATN2_HUMAN,9,658
TIKYLKSLFSHAFEVVKT,TILLKKVLLKHAKEVVSD,sp|O75969|AKAP3_HUMAN,9,314
GHIQYVAAYRVAYGD,EHNYYVSAYRILYSD,sp|Q96PD2|DCBD2_HUMAN,7,372
GHIQYVAAYRVAYGD,GSVQFVASYKVAYSN,sp|Q08431|MFGM_HUMAN,7,310
PFQARFVRIQPVAWH,PILARYVRILPVAWH,sp|Q08431|MFGM_HUMAN,4,360
FVRIQPVAWHNRITL,YVRILPVAWHNRIAL,sp|Q08431|MFGM_HUMAN,3,365
QFNSTYRVVSALRIQ,QFNSTYRVVSVLTVL,sp|P01861|IGHG4_HUMAN,4,174
YRVVSALRIQHQDWT,YRVVSVLTVLHQDWL,sp|P01861|IGHG4_HUMAN,5,179
YRVVSALRIQHQDWT,YRVVSVLTVLHQDWL,sp|P01857|IGHG1_HUMAN,5,182
LDADSSYFLYSKLRV,LDSDGSFFLYSKLTV,sp|P01859|IGHG2_HUMAN,4,276
LDADSSYFLYSKLRV,LDSDGSFFLYSKLTV,sp|P01857|IGHG1_HUMAN,4,280
LDADSSYFLYSKLRV,LDSDGSFFLYSKLTV,sp|P01860|IGHG3_HUMAN,4,327
SYFLYSKLRVDRNSW,SFFLYSKLTVDKSRW,sp|P01857|IGHG1_HUMAN,5,285
SYFLYSKLRVDRNSW,SFFLYSKLTVDKSRW,sp|P01860|IGHG3_HUMAN,5,332
SYFLYSKLRVDRNSW,SFFLYSKLTVDKSRW,sp|P01859|IGHG2_HUMAN,5,281
ALIVTQTMKGLDIQK,VLGVGQVIKGLDIAM,sp|Q9Y680|FKBP7_HUMAN,7,85
ALIVTQTMKGLDIQK,ALIVHMDITSLDIQQ,sp|Q8N3P4|VPS8_HUMAN,7,653
YSLAMAASDISLLDA,PLLASAASSSSLLSA,sp|Q9Y4H2|IRS2_HUMAN,6,936
KIIAEKTKIPAVFKI,LTIAAKIKGQAYFKI,sp|Q13395|TARB1_HUMAN,7,1003
KIIAEKTKIPAVFKI,KVLGEKTENPKKFKI,sp|P09466|PAEP_HUMAN,7,87
KIIAEKTKIPAVFKI,EIIAKKLKIEQMQKI,sp|Q9BTF0|THUM2_HUMAN,7,140
KIIAEKTKIPAVFKI,KIRIEGTKGEAALKI,sp|Q8WZ42|TITIN_HUMAN,7,1602
KIIAEKTKIPAVFKI,TIIGSPTKTTAPFKI,sp|Q8IYT8|ULK2_HUMAN,7,595
AVFKIDALNENKVLV,EVFVIDRPNGTKVAV,sp|Q8NHH9|ATLA2_HUMAN,7,154
AVFKIDALNENKVLV,AIAIKDALNENSQLQ,sp|P0CG41|CTGE8_HUMAN,7,205
AVFKIDALNENKVLV,AVAKNQALKEAGVFV,sp|P53396|ACLY_HUMAN,7,771
AVFKIDALNENKVLV,AIAIKDALNENSQLQ,sp|A4D2H0|CTGEF_HUMAN,7,205
AVFKIDALNENKVLV,AIAIKDALNENSQLQ,sp|Q8IX94|CTGE4_HUMAN,7,205
AVFKIDALNENKVLV,AELDIDALNGRNNLV,sp|Q9P2D1|CHD7_HUMAN,7,1537
AVFKIDALNENKVLV,PVNAFDALTELKVLR,sp|Q9NYK1|TLR7_HUMAN,7,281
AVFKIDALNENKVLV,VKENIDALEELKILV,sp|P32754|HPPD_HUMAN,7,309
AVFKIDALNENKVLV,AIAIKDALNENSQLQ,sp|A4FU28|CTGE9_HUMAN,7,205
AVFKIDALNENKVLV,AIAIKDALNENSQLQ,tr|A0A2R8YE69|A0A2R8YE69_HUMAN,7,205
AVFKIDALNENKVLV,AIAIKDALNENSQLQ,sp|Q86UF2|CTGE6_HUMAN,7,205
KFDKALKALPMHIRL,DFSSALKALQCHICS,sp|Q15468|STIL_HUMAN,7,144
KFDKALKALPMHIRL,KEYTSLGALKMHIRT,sp|Q3KNW1|SNAI3_HUMAN,7,189
KFDKALKALPMHIRL,KNDKDLKILEKEIRV,sp|O75330|HMMR_HUMAN,7,78
KFDKALKALPMHIRL,KEYLSLGALKMHIRS,sp|O95863|SNAI1_HUMAN,7,160
KFDKALKALPMHIRL,PVDSTLGFLPWHIRL,sp|Q96E22|NGBR_HUMAN,7,245
KFDKALKALPMHIRL,KFDLEVKALIQDIRD,sp|Q12981|SEC20_HUMAN,7,17
KFDKALKALPMHIRL,IFKKALPALPISITF,sp|P49768|PSN1_HUMAN,7,426
KFDKALKALPMHIRL,KEYVSLGALKMHIRT,sp|O43623|SNAI2_HUMAN,7,165
KFDKALKALPMHIRL,TFPKALCFLPKLISL,sp|A4D1F6|LRRD1_HUMAN,7,293
KFDKALKALPMHIRL,VFKKALPALPISITF,sp|P49810|PSN2_HUMAN,7,407
LKALPMHIRLSFNPT,LVPLPMPKKLRFNIT,sp|P43155|CACP_HUMAN,7,371
LKALPMHIRLSFNPT,LSALVGFILLSVNPA,sp|Q96DS6|M4A6E_HUMAN,7,61
LKALPMHIRLSFNPT,LAQGGMHIRARFPPT,sp|Q96RN5|MED15_HUMAN,7,389
LKALPMHIRLSFNPT,LGKLSAKIRLSHNPL,sp|Q9BY71|LRRC3_HUMAN,7,132
LKALPMHIRLSFNPT,LGALKMHIRSHTLPC,sp|O95863|SNAI1_HUMAN,7,165
LKALPMHIRLSFNPT,LAAVPAHPRLSGVPI,sp|Q86VR7|VS10L_HUMAN,7,544
LKALPMHIRLSFNPT,LGEPPKEIRLSKNPY,sp|Q9HCJ3|RAVR2_HUMAN,7,569
LKALPMHIRLSFNPT,LGALKMHIRTHTLPC,sp|Q3KNW1|SNAI3_HUMAN,7,194
LKALPMHIRLSFNPT,KILDPPSHRLSFNPT,sp|O95405|ZFYV9_HUMAN,7,37
LKALPMHIRLSFNPT,LGALKMHIRTHTLPC,sp|O43623|SNAI2_HUMAN,7,170
MHIRLSFNPTQLEEQ,MYILLSGNPPFYEEV,sp|Q8NCB2|CAMKV_HUMAN,7,209
MHIRLSFNPTQLEEQ,MHQRLIFRLLKLEVQ,sp|O14744|ANM5_HUMAN,7,248
MHIRLSFNPTQLEEQ,QSDSDSFNPTLWEEQ,sp|Q96NW7|LRRC7_HUMAN,7,437
MHIRLSFNPTQLEEQ,SRIHLSFNDFDLESQ,sp|Q7Z407|CSMD3_HUMAN,7,756
STEYGLFQINNKIWC,STEYGLFQISNKLWC,sp|P00709|LALBA_HUMAN,2,65
DDIMCVKKILDKVGI,DDIMCAKKILDIKGI,sp|P00709|LALBA_HUMAN,3,105
DKVGINYWLAHKALC,DIKGIDYWLAHKALC,sp|P00709|LALBA_HUMAN,3,115
NYWLAHKALCSEKLD,DYWLAHKALCTEKLE,sp|P00709|LALBA_HUMAN,3,120
KFWGKYLYEIARRHP,TFLKKYLYEIARRHP,sp|P02768|ALBU_HUMAN,3,156
ERALKAWSVARLSQK,ERAFKAWAVARLSQR,sp|P02768|ALBU_HUMAN,3,231
FQNALIVRYTRKVPQ,FQNALLVRYTKKVPQ,sp|P02768|ALBU_HUMAN,2,426
IVRYTRKVPQVSTPT,LVRYTKKVPQVSTPT,sp|P02768|ALBU_HUMAN,2,431
CTEDYLSLILNRLCV,CAEDYLSVVLNQLCV,sp|P02768|ALBU_HUMAN,4,471
LSLILNRLCVLHEKT,LSVVLNQLCVLHEKT,sp|P02768|ALBU_HUMAN,3,476
DTEKQIKKQTALVEL,EKERQIKKQTALVEL,sp|P02768|ALBU_HUMAN,3,541
QLKTVMENFVAFVDK,QLKAVMDDFAAFVEK,sp|P02768|ALBU_HUMAN,5,566
LPQEVLNENLLRFFV,LPFQVLLENPLQFFQ,sp|Q9Y5E3|PCDB6_HUMAN,6,102
LPQEVLNENLLRFFV,LPFQVLLENPLQFFQ,sp|Q9Y5E7|PCDB2_HUMAN,6,105
VPSERYLGYLEQLLR,HPSREALGPLPQLLR,sp|Q9NYQ7|CELR3_HUMAN,6,3210
VPSERYLGYLEQLLR,VCEQRRLGQLEQLLL,sp|O43157|PLXB1_HUMAN,6,117
YLGYLEQLLRLKKYK,ILGYKEQFLRLRKSS,sp|Q99523|SORT_HUMAN,6,634
EQLLRLKKYKVPQLE,EQLVRCLAEKVPQGE,sp|Q496Y0|LONF3_HUMAN,6,104
EQLLRLKKYKVPQLE,EQALRKKKYKVETEI,sp|Q96DY2|DRC10_HUMAN,6,315
EQLLRLKKYKVPQLE,AGLLRHKAEFVPQLE,sp|O60307|MAST3_HUMAN,6,645
IGVNQELAYFYPELF,IGINGSVATFVLELF,sp|O95477|ABCA1_HUMAN,7,1776
IGVNQELAYFYPELF,IGINGSMATFVLELF,sp|Q8IZY2|ABCA7_HUMAN,7,1657
IGVNQELAYFYPELF,AGVGEELAYHYARLG,sp|Q7Z5J1|DHI1L_HUMAN,7,38
IGVNQELAYFYPELF,SLVCQELGYSYVELN,sp|P35251|RFC1_HUMAN,7,661
ELAYFYPELFRQFYQ,KHAYFYPHLKRFPVQ,sp|P21815|SIAL_HUMAN,7,46
ELAYFYPELFRQFYQ,ELEAKDPERTRQVYQ,sp|Q9BZJ0|CRNL1_HUMAN,7,544
RQFYQLDAYPSGAWY,TLFRLLDAKPSGAAY,sp|Q6ZRI0|OTOG_HUMAN,6,1391
FLPYPYYAKPAAVRS,PLPSPEPSKPASVSS,sp|Q96JM3|CHAP1_HUMAN,7,169
FLPYPYYAKPAAVRS,YVPRTYYANPAVVRP,sp|P07498|CASK_HUMAN,7,74
FLPYPYYAKPAAVRS,FLPYSYFSKEAARKV,sp|Q969R2|OSBP2_HUMAN,7,716
FLPYPYYAKPAAVRS,TAAKPVAAKPAAVRP,sp|P12111|CO6A3_HUMAN,7,2939
FLPYPYYAKPAAVRS,FLGVPYAAPPLAERR,sp|P01266|THYG_HUMAN,7,2227
FLPYPYYAKPAAVRS,SLPGDPEAYPAAVSS,sp|Q9BYP7|WNK3_HUMAN,7,1223
FLPYPYYAKPAAVRS,RLPDPGGAVPAARRH,sp|B7Z1M9|C2D4D_HUMAN,7,55
PAQILQWQVLSNTVP,PPQIPQYQPLGQQVP,sp|P27658|CO8A1_HUMAN,7,44
PAQILQWQVLSNTVP,PAQILLGSVLVPTIK,sp|Q0GE19|NTCP7_HUMAN,7,308
PAQILQWQVLSNTVP,PTQILQMFLSSSTYP,sp|Q14449|GRB14_HUMAN,7,220
PAQILQWQVLSNTVP,PAGILARQPLSLFGP,sp|P31213|S5A2_HUMAN,7,63
PAQILQWQVLSNTVP,VAQIAVLCVLSLTVV,sp|Q8N4K4|RPRML_HUMAN,7,66
PAQILQWQVLSNTVP,MQQILQQQVLSPQQL,sp|O15409|FOXP2_HUMAN,7,103
PAQILQWQVLSNTVP,HAQIPQRQYLPNSHP,sp|P07498|CASK_HUMAN,7,89
PAQILQWQVLSNTVP,QAQTLQQQISSNIFP,sp|O94916|NFAT5_HUMAN,7,748
PAQILQWQVLSNTVP,MQQILQQQVLSPQQL,sp|Q9H334|FOXP1_HUMAN,7,111
HPHLSFMAIPPKKNQ,NLHPSFIAIPPKKIQ,sp|P07498|CASK_HUMAN,5,111
KHYQKALNEINQFYQ,EVSQDELNEINQFLG,sp|Q9H845|ACAD9_HUMAN,7,57
KHYQKALNEINQFYQ,LHYQKARGMDNVEYQ,sp|Q8TDY8|IGDC4_HUMAN,7,463
EEKNRLNFLKKISQR,EEIDRLESSKKKLQR,sp|Q0VF96|CGNL1_HUMAN,7,1219
EEKNRLNFLKKISQR,LEKDRLQFLKFESEK,sp|Q8NCY6|MSD4_HUMAN,7,306
EEKNRLNFLKKISQR,QEKSYMKFLKKILAR,sp|Q15154|PCM1_HUMAN,7,248
EEKNRLNFLKKISQR,LEKSNKNFSKKIQQI,sp|Q96JC1|VPS39_HUMAN,7,65
EEKNRLNFLKKISQR,EEKLRVERLKRKSLR,sp|A6NDB9|PALM3_HUMAN,7,32
EEKNRLNFLKKISQR,EEKNSGNFQKKAANM,sp|P46063|RECQ1_HUMAN,7,615
EEKNRLNFLKKISQR,EVENREENLLKISRR,sp|Q8WVY7|UBCP1_HUMAN,7,106
EEKNRLNFLKKISQR,VEKEWLSFGHKFSQR,sp|Q86WG5|MTMRD_HUMAN,7,1441
EEKNRLNFLKKISQR,EERNRGNFPPRFSGR,sp|A0A5A2|TVB58_HUMAN,7,71
EEKNRLNFLKKISQR,EEIERLDGLRKKAQR,sp|Q9P2M7|CING_HUMAN,7,1112
EEKNRLNFLKKISQR,ESKNILDELKKEYQE,sp|L0R819|ASURF_HUMAN,7,70
EEKNRLNFLKKISQR,EEKNTLIQELESSQR,sp|O75335|LIPA4_HUMAN,7,453
EEKNRLNFLKKISQR,EEKLELENLQQISQQ,sp|Q7Z7A1|CNTRL_HUMAN,7,1734
EEKNRLNFLKKISQR,LHKFHTNFLKEIEQR,sp|Q9Y4F1|FARP1_HUMAN,7,590
EEKNRLNFLKKISQR,EVKGSPSFLKKGSQK,sp|Q5T0W9|FA83B_HUMAN,7,759
EEKNRLNFLKKISQR,LLKSMLNFLKKAIQD,sp|Q7Z6Z7|HUWE1_HUMAN,7,506
EEKNRLNFLKKISQR,EAKQRLQQLFKGSQF,sp|Q9P0U1|TOM7_HUMAN,7,6
KISQRYQKFALPQYL,KESQRLVGFALRRDL,sp|P51790|CLCN3_HUMAN,7,697
KISQRYQKFALPQYL,KISYRYLIIALGIQL,sp|Q9Y6N5|SQOR_HUMAN,7,134
YQKFALPQYLKTVYQ,LQCNASPQYLKEVSM,sp|Q6ZU64|CFA65_HUMAN,7,854
KTVYQHQKAMKPWIQ,VSLYQPQLATRPWIQ,sp|Q9NPR2|SEM4B_HUMAN,7,552
KTVYQHQKAMKPWIQ,KTVYRHEKRVKLQIW,sp|P20337|RAB3B_HUMAN,7,61
KTVYQHQKAMKPWIQ,KTVYRHDKRIKLQIW,sp|O95716|RAB3D_HUMAN,7,61
MKFLCVLLLASLAAT,MKFFMVLLPASLAST,sp|Q8IVK1|GLCM1_HUMAN,4,0
VLLLASLAATSLAIL,VLLPASLASTSLAIL,sp|Q8IVK1|GLCM1_HUMAN,2,5
ASAQFIRNLQISNED,ASAGHMRNEQASVEE,sp|Q9C0G0|ZN407_HUMAN,7,1463
ASAQFIRNLQISNED,RLAQFIGNRRELNED,sp|O00567|NOP56_HUMAN,7,211
ASAQFIRNLQISNED,PSANEIPPLQSSSED,sp|Q9ULH7|MRTFB_HUMAN,7,979
ASAQFIRNLQISNED,SSARPERFLQMSNDD,sp|Q9ULD0|OGDHL_HUMAN,7,777
ASAQFIRNLQISNED,ASMQFINIVVHSVED,sp|Q96PY5|FMNL2_HUMAN,7,318
ASAQFIRNLQISNED,ALAAFGGNLQIEKVD,sp|Q8NDA2|HMCN2_HUMAN,7,1849
ASAQFIRNLQISNED,NYAQFISNTSASNAD,sp|Q8N3K9|CMYA5_HUMAN,7,2890
DLISKEQIVIRSSRQ,DNISKENCVFRSSLI,sp|Q8IUX1|T126B_HUMAN,6,132
DLISKEQIVIRSSRQ,DLIPKEQARIKTFRQ,sp|O75390|CISY_HUMAN,6,38
EQIVIRSSRQPQSQN,ITEKITTSRQPQPQN,sp|A6NIY4|SPDE5_HUMAN,7,13
EQIVIRSSRQPQSQN,EEIVITSSDLPCIEN,sp|Q6GYQ0|RGPA1_HUMAN,7,452
EQIVIRSSRQPQSQN,KQILGRSSSDPQAQK,sp|Q0VDF9|HSP7E_HUMAN,7,67
PKLPLSILKEKHLRN,TKLQLDIEKEKHQDV,sp|Q6ZMV7|LEKR1_HUMAN,7,123
PKLPLSILKEKHLRN,PLLDFSILKEKSFIC,sp|O15403|MOT7_HUMAN,7,281
PKLPLSILKEKHLRN,CKLPLKLPKHKKLIN,sp|Q6ZMT9|DTHD1_HUMAN,7,646
PKLPLSILKEKHLRN,VKLPLSRLKFMHTSH,sp|Q2NL67|PARP6_HUMAN,7,429
PKLPLSILKEKHLRN,LTLPKSIGKLKKLSN,sp|Q9BTT6|LRRC1_HUMAN,7,301
PKLPLSILKEKHLRN,EELELSILKISHSLN,sp|Q9UBT7|CTNL1_HUMAN,7,376
PKLPLSILKEKHLRN,PVLPLCSLKEIQLST,sp|Q8NE18|NSUN7_HUMAN,7,470
PKLPLSILKEKHLRN,LCLPLHILEEKGLSQ,sp|Q96II8|LRCH3_HUMAN,7,738
PKLPLSILKEKHLRN,AFVYLSKLKELWLRN,sp|Q9HCJ2|LRC4C_HUMAN,7,142
PKLPLSILKEKHLRN,LTDPLEALKEKYLRP,sp|Q03112|MECOM_HUMAN,7,835
PKLPLSILKEKHLRN,TKLPLSKSEEKALKK,sp|Q70SY1|CR3L2_HUMAN,7,282
PKLPLSILKEKHLRN,LKLFQSIEKEGILPN,sp|O00370|LORF2_HUMAN,7,492
PKLPLSILKEKHLRN,PTLDAVDLVEKTLRN,sp|Q8N130|NPT2C_HUMAN,7,12
PKLPLSILKEKHLRN,AFLGLSALKQLHLNN,sp|Q8IW52|SLIK4_HUMAN,7,101
PKLPLSILKEKHLRN,LKLPLSDVAVKTLQN,sp|Q8WXH0|SYNE2_HUMAN,7,5555
PKLPLSILKEKHLRN,PTLPERILKEISQAN,sp|Q9NS00|C1GLT_HUMAN,7,336
PKLPLSILKEKHLRN,PELPLSPLCPSNRRN,sp|Q86Y91|KI18B_HUMAN,7,816
PKLPLSILKEKHLRN,VVLLLRILSEKHGFN,sp|Q9Y2C2|UST_HUMAN,7,117
PKLPLSILKEKHLRN,PVQPLSLLLALALRN,sp|Q2VPB7|AP5B1_HUMAN,7,180
PKLPLSILKEKHLRN,QKLLLSELDMKKLRD,sp|Q8N5R6|CCD33_HUMAN,7,692
PKLPLSILKEKHLRN,ILGPLSYSKIKHLRL,sp|P51884|LUM_HUMAN,7,296
GKLMELGHKIMRNLE,GDLSLLGLLVMRNLL,sp|Q9NQ11|AT132_HUMAN,7,713
GKLMELGHKIMRNLE,EFLCELLDKIQRELE,sp|Q9H0E7|UBP44_HUMAN,7,425
GKLMELGHKIMRNLE,LSLMELGLSRMSNLS,sp|Q14524|SCN5A_HUMAN,7,790
LGHKIMRNLENTVKE,AGHTNMPNLLNTMME,sp|Q9HCK8|CHD8_HUMAN,7,1075
LGHKIMRNLENTVKE,LTNKLQRNLENVLAE,sp|Q8N4C6|NIN_HUMAN,7,499
LGHKIMRNLENTVKE,LHKVGNGNLENTVKF,sp|Q13023|AKAP6_HUMAN,7,458
IPNKQITASSYYKTW,IPDKQITASSSYKTW,sp|Q08431|MFGM_HUMAN,2,240
SEWLQIDLGSQKRVT,NEWLQIDLGEEKIVR,sp|O14786|NRP1_HUMAN,5,481
SEWLQIDLGSQKRVT,DQWLQVDLGSSKEVT,sp|Q08431|MFGM_HUMAN,5,285
QKRVTGIITQGARDF,SKEVTGIITQGARNF,sp|Q08431|MFGM_HUMAN,3,295
PVAWHNRITLRVELL,PVAWHNRIALRLELL,sp|Q08431|MFGM_HUMAN,2,370
SGLYSLSSMVTVPGS,SGLYSLSSVVTVPSS,sp|P01857|IGHG1_HUMAN,2,59
SGLYSLSSMVTVPGS,SGLYSLSSVVTVPSS,sp|P01861|IGHG4_HUMAN,2,59
SGLYSLSSMVTVPGS,SGLYSLSSVVTVPSS,sp|P01860|IGHG3_HUMAN,2,59
SGLYSLSSMVTVPGS,SGLYSLSSVVTVPSS,sp|P01859|IGHG2_HUMAN,2,59
KPREEQFNSTYRVVS,KPREEQFNSTYRVVS,sp|P01861|IGHG4_HUMAN,0,169
APIVRTISRTKGPAR,APIEKTISKTKGQPR,sp|P01859|IGHG2_HUMAN,5,208
APIVRTISRTKGPAR,APIEKTISKTKGQPR,sp|P01860|IGHG3_HUMAN,5,259
LTCMVTSFYPDYIAV,LTCLVKGFYPSDIAV,sp|P01857|IGHG1_HUMAN,5,247
LTCMVTSFYPDYIAV,LTCLVKGFYPSDIAV,sp|P01860|IGHG3_HUMAN,5,294
LTCMVTSFYPDYIAV,LTCLVKGFYPSDIAV,sp|P01861|IGHG4_HUMAN,5,244
YTCVVMHEALHNHYT,FSCSVMHEALHNHYT,sp|P01861|IGHG4_HUMAN,3,302
YTCVVMHEALHNHYT,FSCSVMHEALHNHYT,sp|P01857|IGHG1_HUMAN,3,305
YTCVVMHEALHNHYT,FSCSVMHEALHNHYT,sp|P01859|IGHG2_HUMAN,3,301
MKCLLLALALTCGAQ,SCALLLALPATRGAQ,sp|O00253|AGRP_HUMAN,6,7
MKCLLLALALTCGAQ,MKLLLLLLLLSCAAW,sp|Q76KP1|B4GN4_HUMAN,6,12
LALALTCGAQALIVT,LFLLDTRKAQALDVG,sp|P22003|BMP5_HUMAN,7,231
LALALTCGAQALIVT,NAPGLPVGAVAGIVT,sp|P40198|CEAM3_HUMAN,7,143
LALALTCGAQALIVT,LALDLTVPAAATIWA,sp|Q86XN8|MEX3D_HUMAN,7,459
LALALTCGAQALIVT,LALALAQKAAALQPL,sp|Q9BWH6|RPAP1_HUMAN,7,956
LALALTCGAQALIVT,LALALDHLHQLGIVY,sp|Q9UK32|KS6A6_HUMAN,7,181
LALALTCGAQALIVT,LALVLQRKPQLLQVT,sp|Q96P66|GP101_HUMAN,7,51
LALALTCGAQALIVT,LAPMYYRGAQAAIVV,sp|P20339|RAB5A_HUMAN,7,84
LALALTCGAQALIVT,RQLASPCGAWALRDT,sp|Q6ZNJ1|NBEL2_HUMAN,7,1807
LALALTCGAQALIVT,LAPMYYRGAQAAIVV,sp|P51148|RAB5C_HUMAN,7,85
LALALTCGAQALIVT,LTAALTSWAQAIFST,sp|Q5JPI9|EFMT2_HUMAN,7,214
LALALTCGAQALIVT,LYGALTQGLQGLEKT,sp|P0C7I6|CC159_HUMAN,7,100
LALALTCGAQALIVT,LAPMYYRGAQAAIVV,sp|P61020|RAB5B_HUMAN,7,84
LALALTCGAQALIVT,LVLATICLAHALTVL,sp|Q9HD20|AT131_HUMAN,7,101
LALALTCGAQALIVT,LALALLDGTVFEIVQ,sp|Q9BY27|DGC6L_HUMAN,7,50
LALALTCGAQALIVT,LALGLTYSLQATDAT,sp|Q9ULT0|TTC7A_HUMAN,7,490
LALALTCGAQALIVT,LELALQRGAQDLVDI,sp|P55273|CDN2D_HUMAN,7,142
LALALTCGAQALIVT,LALALGGLARAGGVE,sp|P48764|SL9A3_HUMAN,7,14
LALALTCGAQALIVT,LALLLLCGTISLRVY,sp|O75298|RTN2_HUMAN,7,382
LALALTCGAQALIVT,EALGLRKKRQALIVR,sp|Q9Y6J0|CABIN_HUMAN,7,238
LALALTCGAQALIVT,LALALLDGTVFEIVQ,sp|Q14129|DGCR6_HUMAN,7,50
LALALTCGAQALIVT,LELALTREVQALVRK,sp|Q1MX18|INSC_HUMAN,7,230
LALALTCGAQALIVT,LLLALSTAAQAEPVQ,sp|P61916|NPC2_HUMAN,7,8
LALALTCGAQALIVT,LLLLLRGGAQALECY,sp|O95274|LYPD3_HUMAN,7,19
LALALTCGAQALIVT,LHLALTDLAVALFQV,sp|P47901|V1BR_HUMAN,7,73
LALALTCGAQALIVT,IFLALSSGASLLIVP,sp|Q4L235|ACSF4_HUMAN,7,248
LALALTCGAQALIVT,LALALPAGAGLLDKV,sp|A0A1B0GUU1|CQ113_HUMAN,7,602
LALALTCGAQALIVT,LTLTLLRGAQELIRR,sp|Q9UMF0|ICAM5_HUMAN,7,152
LALALTCGAQALIVT,LALSKTPSALALNQT,sp|O96014|WNT11_HUMAN,7,27
LALALTCGAQALIVT,LALALALPADGRVVT,sp|Q86VU5|CMTD1_HUMAN,7,117
LALALTCGAQALIVT,LAAALTAAALALADA,sp|Q5RKV6|EXOS6_HUMAN,7,157
TCGAQALIVTQTMKG,AGPAQTLIRPQDMKG,sp|P35318|ADML_HUMAN,7,60
TCGAQALIVTQTMKG,HSHAQALRQLQTLKG,sp|Q7Z442|PK1L2_HUMAN,7,1776
TCGAQALIVTQTMKG,LCGADALIPVQTGAA,sp|Q9H2X0|CHRD_HUMAN,7,409
QTMKGLDIQKVAGTW,QTKQDLELPKLAGTW,sp|P09466|PAEP_HUMAN,7,22
QTMKGLDIQKVAGTW,QLSTGLDIIGLAGEW,sp|Q99259|DCE1_HUMAN,7,189
VAGTWYSLAMAASDI,LAGTWHSMAMATNNI,sp|P09466|PAEP_HUMAN,6,32
AASDISLLDAQSAPL,ANSDVSLLNYQSALY,sp|Q86Z02|HIPK1_HUMAN,6,602
AASDISLLDAQSAPL,LAKVISLGDAQSNYL,sp|Q9Y3B2|EXOS1_HUMAN,6,128
AASDISLLDAQSAPL,VFSGSSLSSAQSAPL,sp|Q9UKK3|PARP4_HUMAN,6,1399
SLLDAQSAPLRVYVE,ELLEAQSIPLRNYLM,sp|Q96M32|KAD7_HUMAN,6,670
SLLDAQSAPLRVYVE,ALLLAVSAPLRLQAE,sp|Q8N8Z6|DCBD1_HUMAN,6,20
NKVLVLDTDYKKYLL,MKVLVLSQDYGKHLL,sp|Q01082|SPTB2_HUMAN,5,546
KKYLLFCMENSAEPE,HQLLLFGGCNLAEPE,sp|Q8NEP7|KLDC9_HUMAN,7,203
KKYLLFCMENSAEPE,KGYILDTDQNPAEPE,sp|Q9BXL5|HEMGN_HUMAN,7,267
KKYLLFCMENSAEPE,KGYLPCGMPGSGEPE,sp|P27987|IP3KB_HUMAN,7,373
KKYLLFCMENSAEPE,KKGLLEMMEQDAESK,sp|Q96KR7|PHAR3_HUMAN,7,109
MMSFVSLLLVGILFH,MRFFVPLFLVGILFP,sp|P00709|LALBA_HUMAN,5,0
SLLLVGILFHATQAE,PLFLVGILFPAILAK,sp|P00709|LALBA_HUMAN,6,5
SLLLVGILFHATQAE,HLLLHGILEHIHMAE,sp|A6NNT2|CP096_HUMAN,6,26
GILFHATQAEQLTKC,GILFPAILAKQFTKC,sp|P00709|LALBA_HUMAN,5,10
MKWVTFISLLLLFSS,MKWVTFISLLFLFSS,sp|P02768|ALBU_HUMAN,1,0
FISLLLLFSSAYSRG,FISLLFLFSSAYSRG,sp|P02768|ALBU_HUMAN,1,5
LLFSSAYSRGVFRRD,FLFSSAYSRGVFRRD,sp|P02768|ALBU_HUMAN,1,10
VFRRDTHKSEIAHRF,VFRRDAHKSEVAHRF,sp|P02768|ALBU_HUMAN,2,20
EHFKGLVLIAFSQYL,ENFKALVLIAFAQYL,sp|P02768|ALBU_HUMAN,3,40
LVLIAFSQYLQQCPF,LVLIAFAQYLQQCPF,sp|P02768|ALBU_HUMAN,1,45
YLYEIARRHPYFYAP,YLYEIARRHPYFYAP,sp|P02768|ALBU_HUMAN,0,161
ARRHPYFYAPELLYY,ARRHPYFYAPELLFF,sp|P02768|ALBU_HUMAN,2,166
ELLYYANKYNGVFQE,ELRELANKYNGAVNE,sp|Q14BN4|SLMAP_HUMAN,6,298
ETMREKVLASSARQR,ETQQSKVAPSSAASR,sp|O00189|AP4M1_HUMAN,7,157
ETMREKVLASSARQR,ECMRNKILAKFFRER,sp|Q9ULL1|PKHG1_HUMAN,7,216
ETMREKVLASSARQR,ERRREKAEELAARQR,sp|Q04323|UBXN1_HUMAN,7,148
ETMREKVLASSARQR,ENEEDKVSSSSFRQR,sp|Q13057|COASY_HUMAN,7,324
ETMREKVLASSARQR,ETMELKWVSSSLRQV,sp|P78410|BT3A2_HUMAN,7,60
ETMREKVLASSARQR,NTATVEVLAPSARQY,sp|Q58EX2|SDK2_HUMAN,7,1345
ETMREKVLASSARQR,ELSREPHLASSPRDE,sp|Q9UQQ1|NALDL_HUMAN,7,62
ETMREKVLASSARQR,AEEREKKLASCSRHR,sp|Q99708|CTIP_HUMAN,7,824
ETMREKVLASSARQR,ETMELKWVSSSLRQV,sp|O00481|BT3A1_HUMAN,7,60
ETMREKVLASSARQR,CTKEEDVLASSACVS,sp|Q96PX9|PKH4B_HUMAN,7,131
ETMREKVLASSARQR,EKHRLPVSLSSAKQR,sp|O95750|FGF19_HUMAN,7,136
ETMREKVLASSARQR,EAQKKKMEALSARQR,sp|Q5T5Y3|CAMP1_HUMAN,7,892
ETMREKVLASSARQR,SLKRENVLLSSELQR,sp|Q14BN4|SLMAP_HUMAN,7,674
ETMREKVLASSARQR,ENMREKFFRSLARLL,sp|Q6R2W3|SCND3_HUMAN,7,219
ETMREKVLASSARQR,EVMREKQLAQEAKKL,sp|Q8IVF7|FMNL3_HUMAN,7,939
ETMREKVLASSARQR,EEKRELKLFSSQRKR,sp|Q7Z3G6|PRIC2_HUMAN,7,95
ETMREKVLASSARQR,ELQREKKELQSERQR,sp|Q8N960|CE120_HUMAN,7,731
KVLASSARQRLRCAS,EGKASSAKQRLKCAS,sp|P02768|ALBU_HUMAN,5,211
SARQRLRCASIQKFG,SAKQRLKCASLQKFG,sp|P02768|ALBU_HUMAN,3,216
LRCASIQKFGERALK,LKCASLQKFGERAFK,sp|P02768|ALBU_HUMAN,3,221
FVEVTKLVTDLTKVH,FAEVSKLVTDLTKVH,sp|P02768|ALBU_HUMAN,2,251
KDAFLGSFLYEYSRR,KDVFLGMFLYEYARR,sp|P02768|ALBU_HUMAN,3,346
GSFLYEYSRRHPEYA,GMFLYEYARRHPDYS,sp|P02768|ALBU_HUMAN,4,351
LGEYGFQNALIVRYT,LGEYKFQNALLVRYT,sp|P02768|ALBU_HUMAN,2,421
DKEACFAVEGPKLVV,DKETCFAEEGKKLVA,sp|P02768|ALBU_HUMAN,4,586
VEGPKLVVSTQTALA,TGGLGTVVSTLTALA,sp|Q15849|UT2_HUMAN,6,154
VEGPKLVVSTQTALA,VYGPKAYVATQGPLA,sp|Q05209|PTN12_HUMAN,6,96
MKLLILTCLVAVALA,MRLLILTCLVAVALA,sp|P47710|CASA1_HUMAN,1,0
LTCLVAVALARPKHP,LTCLVAVALARPKLP,sp|P47710|CASA1_HUMAN,1,5
LNENLLRFFVAPFPE,LIENLLRVGGAPTPR,sp|Q6ZNG2|DBX2_HUMAN,6,38
LRFFVAPFPEVFGKE,SRHFAANFLDVFGEE,sp|O14492|SH2B2_HUMAN,7,61
LRFFVAPFPEVFGKE,LRIPVADTPEVPIKK,sp|Q9H1R2|DUS15_HUMAN,7,47
LRFFVAPFPEVFGKE,LISQPAYFEEVFGFE,sp|Q9P2U7|VGLU1_HUMAN,7,321
LRFFVAPFPEVFGKE,LRFMVVHFHEVLCKP,sp|Q9P2K6|KLH42_HUMAN,7,149
LRFFVAPFPEVFGKE,LMKFVAPFNEVIEQM,sp|Q7Z569|BRAP_HUMAN,7,176
LRFFVAPFPEVFGKE,VRFFNRNFPEAMLKE,sp|Q9BZC7|ABCA2_HUMAN,7,2295
LRFFVAPFPEVFGKE,LISQPAYFEEVFGFE,sp|Q9P2U8|VGLU2_HUMAN,7,329
LRFFVAPFPEVFGKE,LRFFLLPPPLPSLKE,sp|Q96JX3|SRAC1_HUMAN,7,188
DQAMEDIKQMEAESI,DLTMEDIRRMEDETQ,sp|P48739|PIPNB_HUMAN,7,236
DQAMEDIKQMEAESI,DQIQEDKKHEEAEKR,sp|Q15652|JHD2C_HUMAN,7,434
DQAMEDIKQMEAESI,RQKMEAIKAKQAEAI,sp|Q13601|KRR1_HUMAN,7,295
DQAMEDIKQMEAESI,DQAQYCIKRMPAYSG,sp|P35609|ACTN2_HUMAN,7,856
DQAMEDIKQMEAESI,DSMWAEQKQMELESI,sp|P01286|SLIB_HUMAN,7,79
MMKSFFLVVTILALT,MLKSPFAGSGILAAT,sp|Q5VT97|SYDE2_HUMAN,7,473
MMKSFFLVVTILALT,QMSSKLLVKTVLFLT,sp|Q6ZVL6|K154L_HUMAN,7,821
MMKSFFLVVTILALT,RKSSINLFVTNLALT,sp|Q9NSD7|RL3R1_HUMAN,7,112
MMKSFFLVVTILALT,GLKLVLLVVTVLALL,sp|Q17R55|F187B_HUMAN,7,332
MMKSFFLVVTILALT,RKKSFLLCIGWLALT,sp|P43115|PE2R3_HUMAN,7,83
MMKSFFLVVTILALT,SLKICGLVFGILALT,sp|Q9H2S6|TNMD_HUMAN,7,27
FLVVTILALTLPFLG,LLVVNALALTLPFLA,sp|P07498|CASK_HUMAN,4,4
ERFFSDKIAKYIPIQ,ERFFSDKETFHDIAQ,sp|Q9BRR6|ADPGK_HUMAN,7,129
ERFFSDKIAKYIPIQ,EQFFSDEERKYMAIN,sp|Q6P0N0|M18BP_HUMAN,7,629
DKIAKYIPIQYVLSR,HKITKYIDFDHVFSR,sp|Q96RY5|CRML_HUMAN,7,220
YIPIQYVLSRYPSYG,AFPVQYKLSRRPLYG,sp|O15552|FFAR2_HUMAN,6,111
YVLSRYPSYGLNYYQ,YVPNSYPYYGTNLYQ,sp|P07498|CASK_HUMAN,6,49
LNYYQQKPVALINNQ,LVEYQQRPQLLISNF,sp|O95045|UPP2_HUMAN,7,293
LNYYQQKPVALINNQ,ENPFFQKPVALANLR,sp|Q9BX69|CARD6_HUMAN,7,518
LNYYQQKPVALINNQ,LKYAEQLPVAQIIHQ,sp|Q92643|GPI8_HUMAN,7,342
QKPVALINNQFLPYP,SYPVALIPGQFQEYY,sp|Q8WUB8|PHF10_HUMAN,7,251
QKPVALINNQFLPYP,SDPTALLTSQFLPYF,sp|Q15911|ZFHX3_HUMAN,7,3296
MKFFIFTCLLAVALA,MRLLILTCLVAVALA,sp|P47710|CASA1_HUMAN,5,0
FTCLLAVALAKNTME,FTCGLAGALASNPVD,sp|O95258|UCP5_HUMAN,6,242
FTCLLAVALAKNTME,FTCGLAGALASNPVD,sp|Q5SVS4|KMCP1_HUMAN,6,207
SQETYKQEKNMAINP,SQSTYKDPNNLAFNE,sp|O43451|MGA_HUMAN,7,886
SQETYKQEKNMAINP,SQVSAKSEKNMADFD,sp|Q70CQ2|UBP34_HUMAN,7,778
SQETYKQEKNMAINP,QQEIVAQEKNHAIKK,sp|Q02224|CENPE_HUMAN,7,1096
NQFYQKFPQYLQYLY,FSMYQSFVQFLQYYY,sp|Q9BXJ8|T120A_HUMAN,7,225
NQFYQKFPQYLQYLY,NSLYQYFLSYLQSLL,sp|Q16891|MIC60_HUMAN,7,652
KFPQYLQYLYQGPIV,PPPQQLQYGQQQPMV,sp|Q15714|T22D1_HUMAN,7,621
KFPQYLQYLYQGPIV,KTTQIPQYLYEGGIS,sp|Q9H6R0|DHX33_HUMAN,7,102
KFPQYLQYLYQGPIV,PVLQYLYYLAQIPIA,sp|Q01432|AMPD3_HUMAN,7,615
LQYLYQGPIVLNPWD,LQSLTQIDLEGNPWD,sp|Q8IW52|SLIK4_HUMAN,7,519
LQYLYQGPIVLNPWD,LAVLEQEPIILPAWD,sp|Q13867|BLMH_HUMAN,7,433
LQYLYQGPIVLNPWD,LQYCTQDPDVLNSLL,sp|P29376|LTK_HUMAN,7,776
LQYLYQGPIVLNPWD,LQYLYTDTVDLPPED,sp|Q8NDN9|RCBT1_HUMAN,7,424
LQYLYQGPIVLNPWD,GQYLQAEPIVLGPPN,sp|P31629|ZEP2_HUMAN,7,2158
LNFLKKISQRYQKFA,LNNVGPISQQPQKSA,sp|Q96MC2|DRC1_HUMAN,7,439
LNFLKKISQRYQKFA,LNALKKKNQLVQKAI,sp|Q13029|PRDM2_HUMAN,7,1418
LNFLKKISQRYQKFA,LNMLKPDSDLCLKFA,sp|O60609|GFRA3_HUMAN,7,151
LNFLKKISQRYQKFA,VNLKKKISKRYDWQA,sp|Q6P158|DHX57_HUMAN,7,496
LNFLKKISQRYQKFA,LNTLKKMETNYQRFT,sp|O95163|ELP1_HUMAN,7,920
LNFLKKISQRYQKFA,RFDGKKISQEREKFA,sp|Q9BPX6|MICU1_HUMAN,7,174
LNFLKKISQRYQKFA,LNFLKTYSQEERHKA,sp|Q8NH70|O4A16_HUMAN,7,219
